 calculator

 Timestamp is 677e9aee (Wed Jan  8 10:34:06 2025)

 Preferred load address is 0000000140000000

 Start         Length     Name                   Class
 0001:00000000 000024f6H .text                   CODE
 0001:00002500 00000023H .text$_ZN6System7Classes15TComponentClassC1EPNS_10TMetaClassE CODE
 0001:00002530 0000000eH .text$__clang_call_terminate CODE
 0001:00002540 00000023H .text$_ZN6System7Classes15TComponentClassC2EPNS_10TMetaClassE CODE
 0001:00002570 0000001eH .text$_ZN6System15DelphiMetaClassINS_7Classes15TComponentClassEEC2EPNS_10TMetaClassE CODE
 0001:00002590 00001affH .text                   CODE
 0001:00004090 00000023H .text$_ZNSt3__112basic_stringIcNS_11char_traitsIcEENS_9allocatorIcEEEC1B6v15007IDnEEPKc CODE
 0001:000040c0 00000075H .text$_ZN3Vcl5Forms5TFormC3EPN6System7Classes10TComponentE CODE
 0001:00004140 00000044H .text$_ZNSt3__1lsINS_11char_traitsIcEEEERNS_13basic_ostreamIcT_EES6_PKc CODE
 0001:00004190 0000001dH .text$_ZNSt3__113basic_ostreamIcNS_11char_traitsIcEEElsB6v15007EPFRS3_S4_E CODE
 0001:000041b0 00000049H .text$_ZNSt3__14endlIcNS_11char_traitsIcEEEERNS_13basic_ostreamIT_T0_EES7_ CODE
 0001:00004200 0000004aH .text$_ZNSt3__1plB6v15007IwNS_11char_traitsIwEENS_9allocatorIwEEEENS_12basic_stringIT_T0_T1_EEPKS6_OS9_ CODE
 0001:00004250 00000019H .text$_ZNKSt3__112basic_stringIwNS_11char_traitsIwEENS_9allocatorIwEEE5c_strB6v15007Ev CODE
 0001:00004270 00000075H .text$_ZN3Vcl8Stdctrls7TButtonC3EPN6System7Classes10TComponentE CODE
 0001:000042f0 00000078H .text$_ZN6System3SetINS_7Uitypes10TFontStyleELS2_0ELS2_3EElsES2_ CODE
 0001:00004370 00000040H .text$_ZN6System13UnicodeStringC1Ec CODE
 0001:000043b0 0000004cH .text$_ZN3Vcl5Forms5TFormD0Ev CODE
 0001:00004400 00000044H .text$_ZN6System11AnsiStringTILt0EEC1ERKNS_13UnicodeStringE CODE
 0001:00004450 00000043H .text$_ZNK6System11AnsiStringTILt0EE5c_strEv CODE
 0001:000044a0 00000019H .text$_ZN6System11AnsiStringTILt0EED1Ev CODE
 0001:000044c0 00000049H .text$_ZNSt3__1lsIcNS_11char_traitsIcEENS_9allocatorIcEEEERNS_13basic_ostreamIT_T0_EES9_RKNS_12basic_stringIS6_S7_T1_EE CODE
 0001:00004510 00000019H .text$_ZNKSt3__112basic_stringIcNS_11char_traitsIcEENS_9allocatorIcEEE5c_strB6v15007Ev CODE
 0001:00004530 00000047H .text$_ZNK6System13UnicodeString5c_strEv CODE
 0001:00004580 0000004cH .text$_ZN6TForm1D0Ev    CODE
 0001:000045d0 0000007fH .text$_ZN3Vcl5Forms5TFormC3EPN6System7Classes10TComponentEi CODE
 0001:00004650 00000091H .text$_ZN3Vcl5Forms5TFormC3EPN6System7Classes10TComponentEii CODE
 0001:000046f0 00000031H .text$_ZN6System13UnicodeStringC2Ec CODE
 0001:00004730 00000021H .text$_ZNKSt3__112basic_stringIcNS_11char_traitsIcEENS_9allocatorIcEEE4dataB6v15007Ev CODE
 0001:00004760 0000000bH .text$_ZNSt3__112__to_addressB6v15007IKcEEPT_S3_ CODE
 0001:00004770 00000052H .text$_ZNKSt3__112basic_stringIcNS_11char_traitsIcEENS_9allocatorIcEEE13__get_pointerB6v15007Ev CODE
 0001:000047d0 00000026H .text$_ZNKSt3__112basic_stringIcNS_11char_traitsIcEENS_9allocatorIcEEE9__is_longB6v15007Ev CODE
 0001:00004800 0000001cH .text$_ZNKSt3__112basic_stringIcNS_11char_traitsIcEENS_9allocatorIcEEE18__get_long_pointerB6v15007Ev CODE
 0001:00004820 00000025H .text$_ZNKSt3__112basic_stringIcNS_11char_traitsIcEENS_9allocatorIcEEE19__get_short_pointerB6v15007Ev CODE
 0001:00004850 00000019H .text$_ZNKSt3__117__compressed_pairINS_12basic_stringIcNS_11char_traitsIcEENS_9allocatorIcEEE5__repES5_E5firstB6v15007Ev CODE
 0001:00004870 0000000bH .text$_ZNKSt3__122__compressed_pair_elemINS_12basic_stringIcNS_11char_traitsIcEENS_9allocatorIcEEE5__repELi0ELb0EE5__getB6v15007Ev CODE
 0001:00004880 0000000bH .text$_ZNSt3__114pointer_traitsIPKcE10pointer_toB6v15007ERS1_ CODE
 0001:00004890 00000047H .text$_ZN6System11AnsiStringTILt0EEC2ERKNS_13UnicodeStringE CODE
 0001:000048e0 000000e9H .text$_ZN6System11AnsiStringTILt0EED2Ev CODE
 0001:000049d0 00000030H .text$_ZN6System11AnsiStringTILt0EEC1Ev CODE
 0001:00004a00 00000023H .text$_ZN6System11AnsiStringTILt0EEC1ERKS1_ CODE
 0001:00004a30 00000030H .text$_ZN6System11AnsiStringTILt0EEC2Ev CODE
 0001:00004a60 00000012H .text$_ZN6System14AnsiStringBaseC2Ev CODE
 0001:00004a80 00000023H .text$_ZN6System11AnsiStringTILt0EEC2ERKS1_ CODE
 0001:00004ab0 00000266H .text$_ZNSt3__124__put_character_sequenceIcNS_11char_traitsIcEEEERNS_13basic_ostreamIT_T0_EES7_PKS4_y CODE
 0001:00004d20 00000019H .text$_ZNSt3__111char_traitsIcE6lengthEPKc CODE
 0001:00004d40 00000023H .text$_ZNSt3__113basic_ostreamIcNS_11char_traitsIcEEE6sentryC1ERS3_ CODE
 0001:00004d70 00000012H .text$_ZNKSt3__113basic_ostreamIcNS_11char_traitsIcEEE6sentrycvbB6v15007Ev CODE
 0001:00004d90 000002acH .text$_ZNSt3__116__pad_and_outputIcNS_11char_traitsIcEEEENS_19ostreambuf_iteratorIT_T0_EES6_PKS4_S8_S8_RNS_8ios_baseES4_ CODE
 0001:00005040 00000023H .text$_ZNSt3__119ostreambuf_iteratorIcNS_11char_traitsIcEEEC1B6v15007ERNS_13basic_ostreamIcS2_EE CODE
 0001:00005070 0000000eH .text$_ZNKSt3__18ios_base5flagsB6v15007Ev CODE
 0001:00005080 00000066H .text$_ZNKSt3__19basic_iosIcNS_11char_traitsIcEEE4fillB6v15007Ev CODE
 0001:000050f0 00000017H .text$_ZNKSt3__119ostreambuf_iteratorIcNS_11char_traitsIcEEE6failedB6v15007Ev CODE
 0001:00005110 00000021H .text$_ZNSt3__19basic_iosIcNS_11char_traitsIcEEE8setstateB6v15007Ej CODE
 0001:00005140 00000019H .text$_ZNSt3__113basic_ostreamIcNS_11char_traitsIcEEE6sentryD1Ev CODE
 0001:00005160 00000083H .text$_ZNSt3__113basic_ostreamIcNS_11char_traitsIcEEE6sentryC2ERS3_ CODE
 0001:000051f0 0000001dH .text$_ZNKSt3__19basic_iosIcNS_11char_traitsIcEEE4goodB6v15007Ev CODE
 0001:00005210 00000012H .text$_ZNKSt3__19basic_iosIcNS_11char_traitsIcEEE3tieB6v15007Ev CODE
 0001:00005230 00000017H .text$_ZNKSt3__18ios_base4goodB6v15007Ev CODE
 0001:00005250 0000000fH .text$_ZNKSt3__18ios_base5widthB6v15007Ev CODE
 0001:00005260 0000002eH .text$_ZNSt3__115basic_streambufIcNS_11char_traitsIcEEE5sputnB6v15007EPKcx CODE
 0001:00005290 0000002dH .text$_ZNSt3__112basic_stringIcNS_11char_traitsIcEENS_9allocatorIcEEEC1B6v15007Eyc CODE
 0001:000052c0 00000021H .text$_ZNSt3__112basic_stringIcNS_11char_traitsIcEENS_9allocatorIcEEE4dataB6v15007Ev CODE
 0001:000052f0 0000002dH .text$_ZNSt3__18ios_base5widthB6v15007Ex CODE
 0001:00005320 00000050H .text$_ZNSt3__112basic_stringIcNS_11char_traitsIcEENS_9allocatorIcEEEC2B6v15007Eyc CODE
 0001:00005370 0000002dH .text$_ZNSt3__117__compressed_pairINS_12basic_stringIcNS_11char_traitsIcEENS_9allocatorIcEEE5__repES5_EC1B6v15007INS_18__default_init_tagESA_EEOT_OT0_ CODE
 0001:000053a0 00000007H .text$_ZNSt3__119__debug_db_insert_cB6v15007INS_12basic_stringIcNS_11char_traitsIcEENS_9allocatorIcEEEEEEvPT_ CODE
 0001:000053b0 0000003aH .text$_ZNSt3__117__compressed_pairINS_12basic_stringIcNS_11char_traitsIcEENS_9allocatorIcEEE5__repES5_EC2B6v15007INS_18__default_init_tagESA_EEOT_OT0_ CODE
 0001:000053f0 00000011H .text$_ZNSt3__122__compressed_pair_elemINS_12basic_stringIcNS_11char_traitsIcEENS_9allocatorIcEEE5__repELi0ELb0EEC2B6v15007ENS_18__default_init_tagE CODE
 0001:00005410 0000001dH .text$_ZNSt3__122__compressed_pair_elemINS_9allocatorIcEELi1ELb1EEC2B6v15007ENS_18__default_init_tagE CODE
 0001:00005430 00000019H .text$_ZNSt3__19allocatorIcEC2B6v15007Ev CODE
 0001:00005450 00000007H .text$_ZNSt3__116__non_trivial_ifILb1ENS_9allocatorIcEEEC2B6v15007Ev CODE
 0001:00005460 0000000bH .text$_ZNSt3__112__to_addressB6v15007IcEEPT_S2_ CODE
 0001:00005470 00000052H .text$_ZNSt3__112basic_stringIcNS_11char_traitsIcEENS_9allocatorIcEEE13__get_pointerB6v15007Ev CODE
 0001:000054d0 0000001cH .text$_ZNSt3__112basic_stringIcNS_11char_traitsIcEENS_9allocatorIcEEE18__get_long_pointerB6v15007Ev CODE
 0001:000054f0 00000025H .text$_ZNSt3__112basic_stringIcNS_11char_traitsIcEENS_9allocatorIcEEE19__get_short_pointerB6v15007Ev CODE
 0001:00005520 00000019H .text$_ZNSt3__117__compressed_pairINS_12basic_stringIcNS_11char_traitsIcEENS_9allocatorIcEEE5__repES5_E5firstB6v15007Ev CODE
 0001:00005540 0000000bH .text$_ZNSt3__122__compressed_pair_elemINS_12basic_stringIcNS_11char_traitsIcEENS_9allocatorIcEEE5__repELi0ELb0EE5__getB6v15007Ev CODE
 0001:00005550 0000000bH .text$_ZNSt3__114pointer_traitsIPcE10pointer_toB6v15007ERc CODE
 0001:00005560 00000051H .text$_ZNSt3__119ostreambuf_iteratorIcNS_11char_traitsIcEEEC2B6v15007ERNS_13basic_ostreamIcS2_EE CODE
 0001:000055c0 00000019H .text$_ZNKSt3__19basic_iosIcNS_11char_traitsIcEEE5rdbufB6v15007Ev CODE
 0001:000055e0 0000000fH .text$_ZNKSt3__18ios_base5rdbufB6v15007Ev CODE
 0001:000055f0 00000019H .text$_ZNSt3__111char_traitsIcE11eq_int_typeEii CODE
 0001:00005610 00000006H .text$_ZNSt3__111char_traitsIcE3eofEv CODE
 0001:00005620 00000082H .text$_ZNKSt3__19basic_iosIcNS_11char_traitsIcEEE5widenB6v15007Ec CODE
 0001:000056b0 00000020H .text$_ZNSt3__19use_facetB6v15007INS_5ctypeIcEEEERKT_RKNS_6localeE CODE
 0001:000056d0 00000022H .text$_ZNKSt3__15ctypeIcE5widenB6v15007Ec CODE
 0001:00005700 00000024H .text$_ZNSt3__18ios_base8setstateB6v15007Ej CODE
 0001:00005730 00000149H .text$_ZNSt3__113basic_ostreamIcNS_11char_traitsIcEEE6sentryD2Ev CODE
 0001:00005880 0000001aH .text$_ZNSt3__115basic_streambufIcNS_11char_traitsIcEEE7pubsyncB6v15007Ev CODE
 0001:000058a0 00000021H .text$_ZNKSt3__112basic_stringIwNS_11char_traitsIwEENS_9allocatorIwEEE4dataB6v15007Ev CODE
 0001:000058d0 0000000bH .text$_ZNSt3__112__to_addressB6v15007IKwEEPT_S3_ CODE
 0001:000058e0 00000052H .text$_ZNKSt3__112basic_stringIwNS_11char_traitsIwEENS_9allocatorIwEEE13__get_pointerB6v15007Ev CODE
 0001:00005940 00000026H .text$_ZNKSt3__112basic_stringIwNS_11char_traitsIwEENS_9allocatorIwEEE9__is_longB6v15007Ev CODE
 0001:00005970 0000001cH .text$_ZNKSt3__112basic_stringIwNS_11char_traitsIwEENS_9allocatorIwEEE18__get_long_pointerB6v15007Ev CODE
 0001:00005990 00000025H .text$_ZNKSt3__112basic_stringIwNS_11char_traitsIwEENS_9allocatorIwEEE19__get_short_pointerB6v15007Ev CODE
 0001:000059c0 00000019H .text$_ZNKSt3__117__compressed_pairINS_12basic_stringIwNS_11char_traitsIwEENS_9allocatorIwEEE5__repES5_E5firstB6v15007Ev CODE
 0001:000059e0 0000000bH .text$_ZNKSt3__122__compressed_pair_elemINS_12basic_stringIwNS_11char_traitsIwEENS_9allocatorIwEEE5__repELi0ELb0EE5__getB6v15007Ev CODE
 0001:000059f0 0000000bH .text$_ZNSt3__114pointer_traitsIPKwE10pointer_toB6v15007ERS1_ CODE
 0001:00005a00 0000005dH .text$_ZNSt3__112basic_stringIcNS_11char_traitsIcEENS_9allocatorIcEEEC2B6v15007IDnEEPKc CODE
 0001:00005a60 00000023H .text$_ZNSt3__112basic_stringIwNS_11char_traitsIwEENS_9allocatorIwEEEC1B6v15007EOS5_ CODE
 0001:00005a90 00000087H .text$_ZNSt3__112basic_stringIwNS_11char_traitsIwEENS_9allocatorIwEEEC2B6v15007EOS5_ CODE
 0001:00005b20 00000019H .text$_ZNSt3__112basic_stringIwNS_11char_traitsIwEENS_9allocatorIwEEE14__default_initB6v15007Ev CODE
 0001:00005b40 00000007H .text$_ZNSt3__119__debug_db_insert_cB6v15007INS_12basic_stringIwNS_11char_traitsIwEENS_9allocatorIwEEEEEEvPT_ CODE
 0001:00005b50 00000012H .text$_ZNSt3__115__debug_db_swapB6v15007INS_12basic_stringIwNS_11char_traitsIwEENS_9allocatorIwEEEEEEvPT_S8_ CODE
 0001:00005b70 0000004eH .text$_ZNSt3__112basic_stringIwNS_11char_traitsIwEENS_9allocatorIwEEE6__zeroB6v15007Ev CODE
 0001:00005bc0 00000019H .text$_ZNSt3__117__compressed_pairINS_12basic_stringIwNS_11char_traitsIwEENS_9allocatorIwEEE5__repES5_E5firstB6v15007Ev CODE
 0001:00005be0 0000000bH .text$_ZNSt3__122__compressed_pair_elemINS_12basic_stringIwNS_11char_traitsIwEENS_9allocatorIwEEE5__repELi0ELb0EE5__getB6v15007Ev CODE
 0001:00005bf0 00000052H .text$_ZNKSt3__112basic_stringIcNS_11char_traitsIcEENS_9allocatorIcEEE4sizeB6v15007Ev CODE
 0001:00005c50 0000001cH .text$_ZNKSt3__112basic_stringIcNS_11char_traitsIcEENS_9allocatorIcEEE15__get_long_sizeB6v15007Ev CODE
 0001:00005c70 00000020H .text$_ZNKSt3__112basic_stringIcNS_11char_traitsIcEENS_9allocatorIcEEE16__get_short_sizeB6v15007Ev CODE
 0001:00005c90 00003c46H .text                   CODE
 0001:000098e0 000000d2H .text$_ZN6System8Sysutils11ERangeErrorC3ENS_13UnicodeStringE CODE
 0001:000099c0 0000004cH .text$_ZN6System8Sysutils11ERangeErrorD0Ev CODE
 0001:00009a10 0000005bH .text$_ZN6System8_CharLenIwEEiPKT_ CODE
 0001:00009a70 0000005bH .text$_ZN6System8_CharLenIDsEEiPKT_ CODE
 0001:00009ad0 00000023H .text$_ZN6System14AnsiStringBaseC2ILt0EEEONS_11AnsiStringTIXT_EEE CODE
 0001:00009b00 0000002aH .text$_ZN6System13UnicodeStringC2ILt0EEERKNS_11AnsiStringTIXT_EEE CODE
 0001:00009b30 0000004dH .text$_ZNK6System14AnsiStringBase8CodePageEv CODE
 0001:00009b80 0000003aH .text$_ZNK6System14AnsiStringBaseixEi CODE
 0001:00009bc0 000000d2H .text$_ZN6System8Sysutils9EIntErrorC3ENS_13UnicodeStringE CODE
 0001:00009ca0 000000d2H .text$_ZN6System8Sysutils9EExternalC3ENS_13UnicodeStringE CODE
 0001:00009d80 0000004cH .text$_ZN6System8Sysutils9EIntErrorD0Ev CODE
 0001:00009dd0 0000004cH .text$_ZN6System8Sysutils9EExternalD0Ev CODE
 0001:00009e20 00000f18H .text                   CODE
 0001:0000ad40 0000000bH .text$_ZN6System15DelphiInterfaceINS_10IInterfaceEEadEv CODE
 0001:0000ad50 0000004dH .text$_ZN6System15DelphiInterfaceINS_10IInterfaceEED2Ev CODE
 0001:0000ada0 00000029H .text$_ZNSt3__110lock_guardINS_5mutexEEC2B6v15007ERS1_ CODE
 0001:0000add0 00000035H .text$_ZNSt3__113unordered_mapIPN6System7Typinfo9TTypeInfoEPSt9type_infoNS_4hashIS4_EENS_8equal_toIS4_EENS_9allocatorINS_4pairIKS4_S6_EEEEEC2B6v15007Ev CODE
 0001:0000ae10 00000019H .text$_ZNSt3__113unordered_mapIPN6System7Typinfo9TTypeInfoEPSt9type_infoNS_4hashIS4_EENS_8equal_toIS4_EENS_9allocatorINS_4pairIKS4_S6_EEEEED2B6v15007Ev CODE
 0001:0000ae30 00000084H .text$_ZNSt3__113unordered_mapIPN6System7Typinfo9TTypeInfoEPSt9type_infoNS_4hashIS4_EENS_8equal_toIS4_EENS_9allocatorINS_4pairIKS4_S6_EEEEEixERSD_ CODE
 0001:0000aec0 0000004aH .text$_ZN6System11AnsiStringTILt65001EEC2ERKNS_13UnicodeStringE CODE
 0001:0000af10 00000098H .text$_ZNK6System11AnsiStringTILt65001EEplERKS1_ CODE
 0001:0000afb0 0000004aH .text$_ZN6System11AnsiStringTILt65001EEC2EPKc CODE
 0001:0000b000 00000030H .text$_ZN6System11AnsiStringTILt65001EEC2Ev CODE
 0001:0000b030 0000002cH .text$_ZN6System11AnsiStringTILt65001EEaSERKS1_ CODE
 0001:0000b060 00000019H .text$_ZN6System11AnsiStringTILt65001EED2Ev CODE
 0001:0000b080 00000030H .text$_ZN10__cxxabiv117__class_type_infoC2Ev CODE
 0001:0000b0b0 00000043H .text$_ZNK6System11AnsiStringTILt65001EE5c_strEv CODE
 0001:0000b100 0000001cH .text$_ZNSt3__110lock_guardINS_5mutexEED2B6v15007Ev CODE
 0001:0000b120 00000030H .text$_ZN10__cxxabiv116__shim_type_infoC2Ev CODE
 0001:0000b150 00000083H .text$_ZNSt3__112__hash_tableINS_17__hash_value_typeIPN6System7Typinfo9TTypeInfoEPSt9type_infoEENS_22__unordered_map_hasherIS5_S8_NS_4hashIS5_EENS_8equal_toIS5_EELb1EEENS_21__unordered_map_equalIS5_S8_SD_SB_Lb1EEENS_9allocatorIS8_EEEC2Ev CODE
 0001:0000b1e0 00000007H .text$_ZNSt3__119__debug_db_insert_cB6v15007INS_13unordered_mapIPN6System7Typinfo9TTypeInfoEPSt9type_infoNS_4hashIS5_EENS_8equal_toIS5_EENS_9allocatorINS_4pairIKS5_S7_EEEEEEEEvPT_ CODE
 0001:0000b1f0 00000030H .text$_ZNSt3__110unique_ptrIA_PNS_16__hash_node_baseIPNS_11__hash_nodeINS_17__hash_value_typeIPN6System7Typinfo9TTypeInfoEPSt9type_infoEEPvEEEENS_25__bucket_list_deallocatorINS_9allocatorISF_EEEEEC2B6v15007ILb1EvEEv CODE
 0001:0000b220 00000030H .text$_ZNSt3__117__compressed_pairINS_16__hash_node_baseIPNS_11__hash_nodeINS_17__hash_value_typeIPN6System7Typinfo9TTypeInfoEPSt9type_infoEEPvEEEENS_9allocatorISC_EEEC2B6v15007ILb1EvEEv CODE
 0001:0000b250 0000003bH .text$_ZNSt3__117__compressed_pairIyNS_22__unordered_map_hasherIPN6System7Typinfo9TTypeInfoENS_17__hash_value_typeIS5_PSt9type_infoEENS_4hashIS5_EENS_8equal_toIS5_EELb1EEEEC2B6v15007IiNS_18__default_init_tagEEEOT_OT0_ CODE
 0001:0000b290 0000003bH .text$_ZNSt3__117__compressed_pairIfNS_21__unordered_map_equalIPN6System7Typinfo9TTypeInfoENS_17__hash_value_typeIS5_PSt9type_infoEENS_8equal_toIS5_EENS_4hashIS5_EELb1EEEEC2B6v15007IfNS_18__default_init_tagEEEOT_OT0_ CODE
 0001:0000b2d0 0000003eH .text$_ZNSt3__117__compressed_pairIPPNS_16__hash_node_baseIPNS_11__hash_nodeINS_17__hash_value_typeIPN6System7Typinfo9TTypeInfoEPSt9type_infoEEPvEEEENS_25__bucket_list_deallocatorINS_9allocatorISF_EEEEEC2B6v15007INS_16__value_init_tagESN_EEOT_OT0_ CODE
 0001:0000b310 0000001cH .text$_ZNSt3__122__compressed_pair_elemIPPNS_16__hash_node_baseIPNS_11__hash_nodeINS_17__hash_value_typeIPN6System7Typinfo9TTypeInfoEPSt9type_infoEEPvEEEELi0ELb0EEC2B6v15007ENS_16__value_init_tagE CODE
 0001:0000b330 0000001dH .text$_ZNSt3__122__compressed_pair_elemINS_25__bucket_list_deallocatorINS_9allocatorIPNS_16__hash_node_baseIPNS_11__hash_nodeINS_17__hash_value_typeIPN6System7Typinfo9TTypeInfoEPSt9type_infoEEPvEEEEEEEELi1ELb0EEC2B6v15007ENS_16__value_init_tagE CODE
 0001:0000b350 00000038H .text$_ZNSt3__125__bucket_list_deallocatorINS_9allocatorIPNS_16__hash_node_baseIPNS_11__hash_nodeINS_17__hash_value_typeIPN6System7Typinfo9TTypeInfoEPSt9type_infoEEPvEEEEEEEC2B6v15007Ev CODE
 0001:0000b390 0000003bH .text$_ZNSt3__117__compressed_pairIyNS_9allocatorIPNS_16__hash_node_baseIPNS_11__hash_nodeINS_17__hash_value_typeIPN6System7Typinfo9TTypeInfoEPSt9type_infoEEPvEEEEEEEC2B6v15007IiNS_18__default_init_tagEEEOT_OT0_ CODE
 0001:0000b3d0 00000021H .text$_ZNSt3__122__compressed_pair_elemIyLi0ELb0EEC2B6v15007IivEEOT_ CODE
 0001:0000b400 0000001dH .text$_ZNSt3__122__compressed_pair_elemINS_9allocatorIPNS_16__hash_node_baseIPNS_11__hash_nodeINS_17__hash_value_typeIPN6System7Typinfo9TTypeInfoEPSt9type_infoEEPvEEEEEELi1ELb1EEC2B6v15007ENS_18__default_init_tagE CODE
 0001:0000b420 00000019H .text$_ZNSt3__19allocatorIPNS_16__hash_node_baseIPNS_11__hash_nodeINS_17__hash_value_typeIPN6System7Typinfo9TTypeInfoEPSt9type_infoEEPvEEEEEC2B6v15007Ev CODE
 0001:0000b440 00000007H .text$_ZNSt3__116__non_trivial_ifILb1ENS_9allocatorIPNS_16__hash_node_baseIPNS_11__hash_nodeINS_17__hash_value_typeIPN6System7Typinfo9TTypeInfoEPSt9type_infoEEPvEEEEEEEC2B6v15007Ev CODE
 0001:0000b450 0000001dH .text$_ZNSt3__122__compressed_pair_elemINS_16__hash_node_baseIPNS_11__hash_nodeINS_17__hash_value_typeIPN6System7Typinfo9TTypeInfoEPSt9type_infoEEPvEEEELi0ELb0EEC2B6v15007ENS_16__value_init_tagE CODE
 0001:0000b470 0000001dH .text$_ZNSt3__122__compressed_pair_elemINS_9allocatorINS_11__hash_nodeINS_17__hash_value_typeIPN6System7Typinfo9TTypeInfoEPSt9type_infoEEPvEEEELi1ELb1EEC2B6v15007ENS_16__value_init_tagE CODE
 0001:0000b490 00000012H .text$_ZNSt3__116__hash_node_baseIPNS_11__hash_nodeINS_17__hash_value_typeIPN6System7Typinfo9TTypeInfoEPSt9type_infoEEPvEEEC2B6v15007Ev CODE
 0001:0000b4b0 00000019H .text$_ZNSt3__19allocatorINS_11__hash_nodeINS_17__hash_value_typeIPN6System7Typinfo9TTypeInfoEPSt9type_infoEEPvEEEC2B6v15007Ev CODE
 0001:0000b4d0 00000007H .text$_ZNSt3__116__non_trivial_ifILb1ENS_9allocatorINS_11__hash_nodeINS_17__hash_value_typeIPN6System7Typinfo9TTypeInfoEPSt9type_infoEEPvEEEEEC2B6v15007Ev CODE
 0001:0000b4e0 0000001dH .text$_ZNSt3__122__compressed_pair_elemINS_22__unordered_map_hasherIPN6System7Typinfo9TTypeInfoENS_17__hash_value_typeIS5_PSt9type_infoEENS_4hashIS5_EENS_8equal_toIS5_EELb1EEELi1ELb1EEC2B6v15007ENS_18__default_init_tagE CODE
 0001:0000b500 00000007H .text$_ZNSt3__122__unordered_map_hasherIPN6System7Typinfo9TTypeInfoENS_17__hash_value_typeIS4_PSt9type_infoEENS_4hashIS4_EENS_8equal_toIS4_EELb1EEC2B6v15007Ev CODE
 0001:0000b510 00000023H .text$_ZNSt3__122__compressed_pair_elemIfLi0ELb0EEC2B6v15007IfvEEOT_ CODE
 0001:0000b540 0000001dH .text$_ZNSt3__122__compressed_pair_elemINS_21__unordered_map_equalIPN6System7Typinfo9TTypeInfoENS_17__hash_value_typeIS5_PSt9type_infoEENS_8equal_toIS5_EENS_4hashIS5_EELb1EEELi1ELb1EEC2B6v15007ENS_18__default_init_tagE CODE
 0001:0000b560 00000007H .text$_ZNSt3__121__unordered_map_equalIPN6System7Typinfo9TTypeInfoENS_17__hash_value_typeIS4_PSt9type_infoEENS_8equal_toIS4_EENS_4hashIS4_EELb1EEC2B6v15007Ev CODE
 0001:0000b570 00000051H .text$_ZNSt3__112__hash_tableINS_17__hash_value_typeIPN6System7Typinfo9TTypeInfoEPSt9type_infoEENS_22__unordered_map_hasherIS5_S8_NS_4hashIS5_EENS_8equal_toIS5_EELb1EEENS_21__unordered_map_equalIS5_S8_SD_SB_Lb1EEENS_9allocatorIS8_EEED2Ev CODE
 0001:0000b5d0 000000adH .text$_ZNSt3__112__hash_tableINS_17__hash_value_typeIPN6System7Typinfo9TTypeInfoEPSt9type_infoEENS_22__unordered_map_hasherIS5_S8_NS_4hashIS5_EENS_8equal_toIS5_EELb1EEENS_21__unordered_map_equalIS5_S8_SD_SB_Lb1EEENS_9allocatorIS8_EEE17__deallocate_nodeEPNS_16__hash_node_baseIPNS_11__hash_nodeIS8_PvEEEE CODE
 0001:0000b680 00000019H .text$_ZNSt3__117__compressed_pairINS_16__hash_node_baseIPNS_11__hash_nodeINS_17__hash_value_typeIPN6System7Typinfo9TTypeInfoEPSt9type_infoEEPvEEEENS_9allocatorISC_EEE5firstB6v15007Ev CODE
 0001:0000b6a0 00000007H .text$_ZNSt3__118__debug_db_erase_cB6v15007INS_12__hash_tableINS_17__hash_value_typeIPN6System7Typinfo9TTypeInfoEPSt9type_infoEENS_22__unordered_map_hasherIS6_S9_NS_4hashIS6_EENS_8equal_toIS6_EELb1EEENS_21__unordered_map_equalIS6_S9_SE_SC_Lb1EEENS_9allocatorIS9_EEEEEEvPT_ CODE
 0001:0000b6b0 0000001dH .text$_ZNSt3__110unique_ptrIA_PNS_16__hash_node_baseIPNS_11__hash_nodeINS_17__hash_value_typeIPN6System7Typinfo9TTypeInfoEPSt9type_infoEEPvEEEENS_25__bucket_list_deallocatorINS_9allocatorISF_EEEEED2B6v15007Ev CODE
 0001:0000b6d0 0000001dH .text$_ZNSt3__112__hash_tableINS_17__hash_value_typeIPN6System7Typinfo9TTypeInfoEPSt9type_infoEENS_22__unordered_map_hasherIS5_S8_NS_4hashIS5_EENS_8equal_toIS5_EELb1EEENS_21__unordered_map_equalIS5_S8_SD_SB_Lb1EEENS_9allocatorIS8_EEE12__node_allocB6v15007Ev CODE
 0001:0000b6f0 00000019H .text$_ZNSt3__116__hash_node_baseIPNS_11__hash_nodeINS_17__hash_value_typeIPN6System7Typinfo9TTypeInfoEPSt9type_infoEEPvEEE8__upcastB6v15007Ev CODE
 0001:0000b710 00000012H .text$_ZNSt3__116allocator_traitsINS_9allocatorINS_11__hash_nodeINS_17__hash_value_typeIPN6System7Typinfo9TTypeInfoEPSt9type_infoEEPvEEEEE7destroyB6v15007INS_4pairIKS7_S9_EEvvEEvRSD_PT_ CODE
 0001:0000b730 00000019H .text$_ZNSt3__122__hash_key_value_typesINS_17__hash_value_typeIPN6System7Typinfo9TTypeInfoEPSt9type_infoEEE9__get_ptrB6v15007ERS8_ CODE
 0001:0000b750 0000002dH .text$_ZNSt3__116allocator_traitsINS_9allocatorINS_11__hash_nodeINS_17__hash_value_typeIPN6System7Typinfo9TTypeInfoEPSt9type_infoEEPvEEEEE10deallocateB6v15007ERSD_PSC_y CODE
 0001:0000b780 00000019H .text$_ZNSt3__117__compressed_pairINS_16__hash_node_baseIPNS_11__hash_nodeINS_17__hash_value_typeIPN6System7Typinfo9TTypeInfoEPSt9type_infoEEPvEEEENS_9allocatorISC_EEE6secondB6v15007Ev CODE
 0001:0000b7a0 0000000bH .text$_ZNSt3__122__compressed_pair_elemINS_9allocatorINS_11__hash_nodeINS_17__hash_value_typeIPN6System7Typinfo9TTypeInfoEPSt9type_infoEEPvEEEELi1ELb1EE5__getB6v15007Ev CODE
 0001:0000b7b0 0000000bH .text$_ZNSt3__114pointer_traitsIPNS_16__hash_node_baseIPNS_11__hash_nodeINS_17__hash_value_typeIPN6System7Typinfo9TTypeInfoEPSt9type_infoEEPvEEEEE10pointer_toB6v15007ERSE_ CODE
 0001:0000b7c0 00000019H .text$_ZNSt3__117__hash_value_typeIPN6System7Typinfo9TTypeInfoEPSt9type_infoE11__get_valueB6v15007Ev CODE
 0001:0000b7e0 00000019H .text$_ZNSt3__17launderB6v15007INS_4pairIKPN6System7Typinfo9TTypeInfoEPSt9type_infoEEEEPT_SB_ CODE
 0001:0000b800 0000000bH .text$_ZNSt3__19__launderB6v15007INS_4pairIKPN6System7Typinfo9TTypeInfoEPSt9type_infoEEEEPT_SB_ CODE
 0001:0000b810 0000003fH .text$_ZNSt3__19allocatorINS_11__hash_nodeINS_17__hash_value_typeIPN6System7Typinfo9TTypeInfoEPSt9type_infoEEPvEEE10deallocateB6v15007EPSB_y CODE
 0001:0000b850 00000062H .text$_ZNSt3__119__libcpp_deallocateB6v15007EPvyy CODE
 0001:0000b8c0 00000014H .text$_ZNSt3__124__is_overaligned_for_newB6v15007Ey CODE
 0001:0000b8e0 00000028H .text$_ZNSt3__127__do_deallocate_handle_sizeB6v15007IJSt11align_val_tEEEvPvyDpT_ CODE
 0001:0000b910 0000001eH .text$_ZNSt3__127__do_deallocate_handle_sizeB6v15007IJEEEvPvyDpT_ CODE
 0001:0000b930 00000023H .text$_ZNSt3__124__libcpp_operator_deleteB6v15007IJPvSt11align_val_tEEEvDpT_ CODE
 0001:0000b960 00000019H .text$_ZNSt3__124__libcpp_operator_deleteB6v15007IJPvEEEvDpT_ CODE
 0001:0000b980 0000000bH .text$_ZNSt3__122__compressed_pair_elemINS_16__hash_node_baseIPNS_11__hash_nodeINS_17__hash_value_typeIPN6System7Typinfo9TTypeInfoEPSt9type_infoEEPvEEEELi0ELb0EE5__getB6v15007Ev CODE
 0001:0000b990 0000005fH .text$_ZNSt3__110unique_ptrIA_PNS_16__hash_node_baseIPNS_11__hash_nodeINS_17__hash_value_typeIPN6System7Typinfo9TTypeInfoEPSt9type_infoEEPvEEEENS_25__bucket_list_deallocatorINS_9allocatorISF_EEEEE5resetB6v15007EDn CODE
 0001:0000b9f0 00000019H .text$_ZNSt3__117__compressed_pairIPPNS_16__hash_node_baseIPNS_11__hash_nodeINS_17__hash_value_typeIPN6System7Typinfo9TTypeInfoEPSt9type_infoEEPvEEEENS_25__bucket_list_deallocatorINS_9allocatorISF_EEEEE5firstB6v15007Ev CODE
 0001:0000ba10 0000001dH .text$_ZNSt3__117__compressed_pairIPPNS_16__hash_node_baseIPNS_11__hash_nodeINS_17__hash_value_typeIPN6System7Typinfo9TTypeInfoEPSt9type_infoEEPvEEEENS_25__bucket_list_deallocatorINS_9allocatorISF_EEEEE6secondB6v15007Ev CODE
 0001:0000ba30 0000004eH .text$_ZNSt3__125__bucket_list_deallocatorINS_9allocatorIPNS_16__hash_node_baseIPNS_11__hash_nodeINS_17__hash_value_typeIPN6System7Typinfo9TTypeInfoEPSt9type_infoEEPvEEEEEEEclB6v15007EPSG_ CODE
 0001:0000ba80 0000000bH .text$_ZNSt3__122__compressed_pair_elemIPPNS_16__hash_node_baseIPNS_11__hash_nodeINS_17__hash_value_typeIPN6System7Typinfo9TTypeInfoEPSt9type_infoEEPvEEEELi0ELb0EE5__getB6v15007Ev CODE
 0001:0000ba90 0000000bH .text$_ZNSt3__122__compressed_pair_elemINS_25__bucket_list_deallocatorINS_9allocatorIPNS_16__hash_node_baseIPNS_11__hash_nodeINS_17__hash_value_typeIPN6System7Typinfo9TTypeInfoEPSt9type_infoEEPvEEEEEEEELi1ELb0EE5__getB6v15007Ev CODE
 0001:0000baa0 0000002dH .text$_ZNSt3__116allocator_traitsINS_9allocatorIPNS_16__hash_node_baseIPNS_11__hash_nodeINS_17__hash_value_typeIPN6System7Typinfo9TTypeInfoEPSt9type_infoEEPvEEEEEEE10deallocateB6v15007ERSH_PSG_y CODE
 0001:0000bad0 00000019H .text$_ZNSt3__125__bucket_list_deallocatorINS_9allocatorIPNS_16__hash_node_baseIPNS_11__hash_nodeINS_17__hash_value_typeIPN6System7Typinfo9TTypeInfoEPSt9type_infoEEPvEEEEEEE7__allocB6v15007Ev CODE
 0001:0000baf0 00000019H .text$_ZNSt3__125__bucket_list_deallocatorINS_9allocatorIPNS_16__hash_node_baseIPNS_11__hash_nodeINS_17__hash_value_typeIPN6System7Typinfo9TTypeInfoEPSt9type_infoEEPvEEEEEEE4sizeB6v15007Ev CODE
 0001:0000bb10 0000003fH .text$_ZNSt3__19allocatorIPNS_16__hash_node_baseIPNS_11__hash_nodeINS_17__hash_value_typeIPN6System7Typinfo9TTypeInfoEPSt9type_infoEEPvEEEEE10deallocateB6v15007EPSF_y CODE
 0001:0000bb50 00000019H .text$_ZNSt3__117__compressed_pairIyNS_9allocatorIPNS_16__hash_node_baseIPNS_11__hash_nodeINS_17__hash_value_typeIPN6System7Typinfo9TTypeInfoEPSt9type_infoEEPvEEEEEEE6secondB6v15007Ev CODE
 0001:0000bb70 0000000bH .text$_ZNSt3__122__compressed_pair_elemINS_9allocatorIPNS_16__hash_node_baseIPNS_11__hash_nodeINS_17__hash_value_typeIPN6System7Typinfo9TTypeInfoEPSt9type_infoEEPvEEEEEELi1ELb1EE5__getB6v15007Ev CODE
 0001:0000bb80 00000019H .text$_ZNSt3__117__compressed_pairIyNS_9allocatorIPNS_16__hash_node_baseIPNS_11__hash_nodeINS_17__hash_value_typeIPN6System7Typinfo9TTypeInfoEPSt9type_infoEEPvEEEEEEE5firstB6v15007Ev CODE
 0001:0000bba0 0000000bH .text$_ZNSt3__122__compressed_pair_elemIyLi0ELb0EE5__getB6v15007Ev CODE
 0001:0000bbb0 0000076cH .text$_ZNSt3__112__hash_tableINS_17__hash_value_typeIPN6System7Typinfo9TTypeInfoEPSt9type_infoEENS_22__unordered_map_hasherIS5_S8_NS_4hashIS5_EENS_8equal_toIS5_EELb1EEENS_21__unordered_map_equalIS5_S8_SD_SB_Lb1EEENS_9allocatorIS8_EEE25__emplace_unique_key_argsIS5_JRKNS_21piecewise_construct_tENS_5tupleIJRKS5_EEENSO_IJEEEEEENS_4pairINS_15__hash_iteratorIPNS_11__hash_nodeIS8_PvEEEEbEERKT_DpOT0_ CODE
 0001:0000c320 00000022H .text$_ZNSt3__116forward_as_tupleB6v15007IJRKPN6System7Typinfo9TTypeInfoEEEENS_5tupleIJDpOT_EEESA_ CODE
 0001:0000c350 00000006H .text$_ZNSt3__116forward_as_tupleB6v15007IJEEENS_5tupleIJDpOT_EEES4_ CODE
 0001:0000c360 00000028H .text$_ZNKSt3__115__hash_iteratorIPNS_11__hash_nodeINS_17__hash_value_typeIPN6System7Typinfo9TTypeInfoEPSt9type_infoEEPvEEEptB6v15007Ev CODE
 0001:0000c390 0000001dH .text$_ZNSt3__112__hash_tableINS_17__hash_value_typeIPN6System7Typinfo9TTypeInfoEPSt9type_infoEENS_22__unordered_map_hasherIS5_S8_NS_4hashIS5_EENS_8equal_toIS5_EELb1EEENS_21__unordered_map_equalIS5_S8_SD_SB_Lb1EEENS_9allocatorIS8_EEE13hash_functionB6v15007Ev CODE
 0001:0000c3b0 00000026H .text$_ZNKSt3__122__unordered_map_hasherIPN6System7Typinfo9TTypeInfoENS_17__hash_value_typeIS4_PSt9type_infoEENS_4hashIS4_EENS_8equal_toIS4_EELb1EEclB6v15007ERKS4_ CODE
 0001:0000c3e0 00000021H .text$_ZNKSt3__112__hash_tableINS_17__hash_value_typeIPN6System7Typinfo9TTypeInfoEPSt9type_infoEENS_22__unordered_map_hasherIS5_S8_NS_4hashIS5_EENS_8equal_toIS5_EELb1EEENS_21__unordered_map_equalIS5_S8_SD_SB_Lb1EEENS_9allocatorIS8_EEE12bucket_countB6v15007Ev CODE
 0001:0000c410 00000087H .text$_ZNSt3__116__constrain_hashB6v15007Eyy CODE
 0001:0000c4a0 0000002cH .text$_ZNKSt3__110unique_ptrIA_PNS_16__hash_node_baseIPNS_11__hash_nodeINS_17__hash_value_typeIPN6System7Typinfo9TTypeInfoEPSt9type_infoEEPvEEEENS_25__bucket_list_deallocatorINS_9allocatorISF_EEEEEixB6v15007Ey CODE
 0001:0000c4d0 0000000fH .text$_ZNKSt3__116__hash_node_baseIPNS_11__hash_nodeINS_17__hash_value_typeIPN6System7Typinfo9TTypeInfoEPSt9type_infoEEPvEEE6__hashB6v15007Ev CODE
 0001:0000c4e0 0000001dH .text$_ZNSt3__112__hash_tableINS_17__hash_value_typeIPN6System7Typinfo9TTypeInfoEPSt9type_infoEENS_22__unordered_map_hasherIS5_S8_NS_4hashIS5_EENS_8equal_toIS5_EELb1EEENS_21__unordered_map_equalIS5_S8_SD_SB_Lb1EEENS_9allocatorIS8_EEE6key_eqB6v15007Ev CODE
 0001:0000c500 00000043H .text$_ZNKSt3__121__unordered_map_equalIPN6System7Typinfo9TTypeInfoENS_17__hash_value_typeIS4_PSt9type_infoEENS_8equal_toIS4_EENS_4hashIS4_EELb1EEclB6v15007ERKS8_RKS4_ CODE
 0001:0000c550 000001a9H .text$_ZNSt3__112__hash_tableINS_17__hash_value_typeIPN6System7Typinfo9TTypeInfoEPSt9type_infoEENS_22__unordered_map_hasherIS5_S8_NS_4hashIS5_EENS_8equal_toIS5_EELb1EEENS_21__unordered_map_equalIS5_S8_SD_SB_Lb1EEENS_9allocatorIS8_EEE21__construct_node_hashIRKNS_21piecewise_construct_tEJNS_5tupleIJRKS5_EEENSO_IJEEEEEENS_10unique_ptrINS_11__hash_nodeIS8_PvEENS_22__hash_node_destructorINSH_ISW_EEEEEEyOT_DpOT0_ CODE
 0001:0000c700 0000001dH .text$_ZNSt3__112__hash_tableINS_17__hash_value_typeIPN6System7Typinfo9TTypeInfoEPSt9type_infoEENS_22__unordered_map_hasherIS5_S8_NS_4hashIS5_EENS_8equal_toIS5_EELb1EEENS_21__unordered_map_equalIS5_S8_SD_SB_Lb1EEENS_9allocatorIS8_EEE4sizeB6v15007Ev CODE
 0001:0000c720 0000001dH .text$_ZNSt3__112__hash_tableINS_17__hash_value_typeIPN6System7Typinfo9TTypeInfoEPSt9type_infoEENS_22__unordered_map_hasherIS5_S8_NS_4hashIS5_EENS_8equal_toIS5_EELb1EEENS_21__unordered_map_equalIS5_S8_SD_SB_Lb1EEENS_9allocatorIS8_EEE15max_load_factorB6v15007Ev CODE
 0001:0000c740 00000023H .text$_ZNSt3__112__hash_tableINS_17__hash_value_typeIPN6System7Typinfo9TTypeInfoEPSt9type_infoEENS_22__unordered_map_hasherIS5_S8_NS_4hashIS5_EENS_8equal_toIS5_EELb1EEENS_21__unordered_map_equalIS5_S8_SD_SB_Lb1EEENS_9allocatorIS8_EEE15__rehash_uniqueB6v15007Ey CODE
 0001:0000c770 00000028H .text$_ZNSt3__13maxB6v15007IyEERKT_S3_S3_ CODE
 0001:0000c7a0 00000047H .text$_ZNSt3__116__is_hash_power2B6v15007Ey CODE
 0001:0000c7f0 0000001bH .text$_Z4ceilB6v15007f  CODE
 0001:0000c810 00000019H .text$_ZNSt3__116__hash_node_baseIPNS_11__hash_nodeINS_17__hash_value_typeIPN6System7Typinfo9TTypeInfoEPSt9type_infoEEPvEEE5__ptrB6v15007Ev CODE
 0001:0000c830 0000001bH .text$_ZNKSt3__110unique_ptrINS_11__hash_nodeINS_17__hash_value_typeIPN6System7Typinfo9TTypeInfoEPSt9type_infoEEPvEENS_22__hash_node_destructorINS_9allocatorISB_EEEEEptB6v15007Ev CODE
 0001:0000c850 0000001bH .text$_ZNKSt3__110unique_ptrINS_11__hash_nodeINS_17__hash_value_typeIPN6System7Typinfo9TTypeInfoEPSt9type_infoEEPvEENS_22__hash_node_destructorINS_9allocatorISB_EEEEE3getB6v15007Ev CODE
 0001:0000c870 0000003bH .text$_ZNSt3__110unique_ptrINS_11__hash_nodeINS_17__hash_value_typeIPN6System7Typinfo9TTypeInfoEPSt9type_infoEEPvEENS_22__hash_node_destructorINS_9allocatorISB_EEEEE7releaseB6v15007Ev CODE
 0001:0000c8b0 0000001dH .text$_ZNSt3__110unique_ptrINS_11__hash_nodeINS_17__hash_value_typeIPN6System7Typinfo9TTypeInfoEPSt9type_infoEEPvEENS_22__hash_node_destructorINS_9allocatorISB_EEEEED2B6v15007Ev CODE
 0001:0000c8d0 00000024H .text$_ZNSt3__115__hash_iteratorIPNS_11__hash_nodeINS_17__hash_value_typeIPN6System7Typinfo9TTypeInfoEPSt9type_infoEEPvEEEC2B6v15007EPNS_16__hash_node_baseISC_EEPKv CODE
 0001:0000c900 00000033H .text$_ZNSt3__14pairINS_15__hash_iteratorIPNS_11__hash_nodeINS_17__hash_value_typeIPN6System7Typinfo9TTypeInfoEPSt9type_infoEEPvEEEEbEC2B6v15007ISE_RbLSB_0EEEOT_OT0_ CODE
 0001:0000c940 00000019H .text$_ZNSt3__117__compressed_pairIyNS_22__unordered_map_hasherIPN6System7Typinfo9TTypeInfoENS_17__hash_value_typeIS5_PSt9type_infoEENS_4hashIS5_EENS_8equal_toIS5_EELb1EEEE6secondB6v15007Ev CODE
 0001:0000c960 0000000bH .text$_ZNSt3__122__compressed_pair_elemINS_22__unordered_map_hasherIPN6System7Typinfo9TTypeInfoENS_17__hash_value_typeIS5_PSt9type_infoEENS_4hashIS5_EENS_8equal_toIS5_EELb1EEELi1ELb1EE5__getB6v15007Ev CODE
 0001:0000c970 0000004aH .text$_ZNKSt3__14hashIPN6System7Typinfo9TTypeInfoEEclB6v15007ES4_ CODE
 0001:0000c9c0 00000501H .text$_ZNSt3__121__murmur2_or_cityhashIyLy64EEclEPKvy CODE
 0001:0000ced0 0000019dH .text$_ZNSt3__121__murmur2_or_cityhashIyLy64EE18__hash_len_0_to_16EPKcy CODE
 0001:0000d070 0000010cH .text$_ZNSt3__121__murmur2_or_cityhashIyLy64EE19__hash_len_17_to_32EPKcy CODE
 0001:0000d180 00000339H .text$_ZNSt3__121__murmur2_or_cityhashIyLy64EE19__hash_len_33_to_64EPKcy CODE
 0001:0000d4c0 0000001eH .text$_ZNSt3__110__loadwordB6v15007IyEET_PKv CODE
 0001:0000d4e0 00000095H .text$_ZNSt3__121__murmur2_or_cityhashIyLy64EE13__hash_len_16Eyy CODE
 0001:0000d580 000000b0H .text$_ZNSt3__121__murmur2_or_cityhashIyLy64EE29__weak_hash_len_32_with_seedsEPKcyy CODE
 0001:0000d630 00000058H .text$_ZNSt3__121__murmur2_or_cityhashIyLy64EE8__rotateEyi CODE
 0001:0000d690 0000002dH .text$_ZNSt3__14pairIyyEaSB6v15007EOS1_ CODE
 0001:0000d6c0 0000003bH .text$_ZNSt3__14swapB6v15007IyEENS_9enable_ifIXaasr21is_move_constructibleIT_EE5valuesr18is_move_assignableIS2_EE5valueEvE4typeERS2_S5_ CODE
 0001:0000d700 00000016H .text$_ZNSt3__121__murmur2_or_cityhashIyLy64EE11__shift_mixEy CODE
 0001:0000d720 00000037H .text$_ZNSt3__121__murmur2_or_cityhashIyLy64EE22__rotate_by_at_least_1Eyi CODE
 0001:0000d760 0000001dH .text$_ZNSt3__110__loadwordB6v15007IjEET_PKv CODE
 0001:0000d780 0000011aH .text$_ZNSt3__121__murmur2_or_cityhashIyLy64EE29__weak_hash_len_32_with_seedsEyyyyyy CODE
 0001:0000d8a0 00000032H .text$_ZNSt3__14pairIyyEC2B6v15007IyyLPv0EEEOT_OT0_ CODE
 0001:0000d8e0 00000019H .text$_ZNKSt3__110unique_ptrIA_PNS_16__hash_node_baseIPNS_11__hash_nodeINS_17__hash_value_typeIPN6System7Typinfo9TTypeInfoEPSt9type_infoEEPvEEEENS_25__bucket_list_deallocatorINS_9allocatorISF_EEEEE11get_deleterB6v15007Ev CODE
 0001:0000d900 0000001bH .text$_ZNKSt3__125__bucket_list_deallocatorINS_9allocatorIPNS_16__hash_node_baseIPNS_11__hash_nodeINS_17__hash_value_typeIPN6System7Typinfo9TTypeInfoEPSt9type_infoEEPvEEEEEEE4sizeB6v15007Ev CODE
 0001:0000d920 0000001dH .text$_ZNKSt3__117__compressed_pairIPPNS_16__hash_node_baseIPNS_11__hash_nodeINS_17__hash_value_typeIPN6System7Typinfo9TTypeInfoEPSt9type_infoEEPvEEEENS_25__bucket_list_deallocatorINS_9allocatorISF_EEEEE6secondB6v15007Ev CODE
 0001:0000d940 0000000bH .text$_ZNKSt3__122__compressed_pair_elemINS_25__bucket_list_deallocatorINS_9allocatorIPNS_16__hash_node_baseIPNS_11__hash_nodeINS_17__hash_value_typeIPN6System7Typinfo9TTypeInfoEPSt9type_infoEEPvEEEEEEEELi1ELb0EE5__getB6v15007Ev CODE
 0001:0000d950 00000019H .text$_ZNKSt3__117__compressed_pairIyNS_9allocatorIPNS_16__hash_node_baseIPNS_11__hash_nodeINS_17__hash_value_typeIPN6System7Typinfo9TTypeInfoEPSt9type_infoEEPvEEEEEEE5firstB6v15007Ev CODE
 0001:0000d970 0000000bH .text$_ZNKSt3__122__compressed_pair_elemIyLi0ELb0EE5__getB6v15007Ev CODE
 0001:0000d980 00000019H .text$_ZNKSt3__117__compressed_pairIPPNS_16__hash_node_baseIPNS_11__hash_nodeINS_17__hash_value_typeIPN6System7Typinfo9TTypeInfoEPSt9type_infoEEPvEEEENS_25__bucket_list_deallocatorINS_9allocatorISF_EEEEE5firstB6v15007Ev CODE
 0001:0000d9a0 0000000bH .text$_ZNKSt3__122__compressed_pair_elemIPPNS_16__hash_node_baseIPNS_11__hash_nodeINS_17__hash_value_typeIPN6System7Typinfo9TTypeInfoEPSt9type_infoEEPvEEEELi0ELb0EE5__getB6v15007Ev CODE
 0001:0000d9b0 00000019H .text$_ZNSt3__117__compressed_pairIfNS_21__unordered_map_equalIPN6System7Typinfo9TTypeInfoENS_17__hash_value_typeIS5_PSt9type_infoEENS_8equal_toIS5_EENS_4hashIS5_EELb1EEEE6secondB6v15007Ev CODE
 0001:0000d9d0 0000000bH .text$_ZNSt3__122__compressed_pair_elemINS_21__unordered_map_equalIPN6System7Typinfo9TTypeInfoENS_17__hash_value_typeIS5_PSt9type_infoEENS_8equal_toIS5_EENS_4hashIS5_EELb1EEELi1ELb1EE5__getB6v15007Ev CODE
 0001:0000d9e0 0000002eH .text$_ZNKSt3__18equal_toIPN6System7Typinfo9TTypeInfoEEclB6v15007ERKS4_S7_ CODE
 0001:0000da10 00000019H .text$_ZNKSt3__117__hash_value_typeIPN6System7Typinfo9TTypeInfoEPSt9type_infoE11__get_valueB6v15007Ev CODE
 0001:0000da30 00000019H .text$_ZNSt3__17launderB6v15007IKNS_4pairIKPN6System7Typinfo9TTypeInfoEPSt9type_infoEEEEPT_SC_ CODE
 0001:0000da50 0000000bH .text$_ZNSt3__19__launderB6v15007IKNS_4pairIKPN6System7Typinfo9TTypeInfoEPSt9type_infoEEEEPT_SC_ CODE
 0001:0000da60 00000023H .text$_ZNSt3__116allocator_traitsINS_9allocatorINS_11__hash_nodeINS_17__hash_value_typeIPN6System7Typinfo9TTypeInfoEPSt9type_infoEEPvEEEEE8allocateB6v15007ERSD_y CODE
 0001:0000da90 00000033H .text$_ZNSt3__122__hash_node_destructorINS_9allocatorINS_11__hash_nodeINS_17__hash_value_typeIPN6System7Typinfo9TTypeInfoEPSt9type_infoEEPvEEEEEC2B6v15007ERSD_b CODE
 0001:0000dad0 0000003aH .text$_ZNSt3__110unique_ptrINS_11__hash_nodeINS_17__hash_value_typeIPN6System7Typinfo9TTypeInfoEPSt9type_infoEEPvEENS_22__hash_node_destructorINS_9allocatorISB_EEEEEC2B6v15007ILb1EvEEPSB_NS_16__dependent_typeINS_27__unique_ptr_deleter_sfinaeISF_EEXT_EE20__good_rval_ref_typeE CODE
 0001:0000db10 00000046H .text$_ZNSt3__116allocator_traitsINS_9allocatorINS_11__hash_nodeINS_17__hash_value_typeIPN6System7Typinfo9TTypeInfoEPSt9type_infoEEPvEEEEE9constructB6v15007INS_4pairIKS7_S9_EEJRKNS_21piecewise_construct_tENS_5tupleIJRSH_EEENSM_IJEEEEvEEvRSD_PT_DpOT0_ CODE
 0001:0000db60 00000019H .text$_ZNSt3__110unique_ptrINS_11__hash_nodeINS_17__hash_value_typeIPN6System7Typinfo9TTypeInfoEPSt9type_infoEEPvEENS_22__hash_node_destructorINS_9allocatorISB_EEEEE11get_deleterB6v15007Ev CODE
 0001:0000db80 00000051H .text$_ZNSt3__19allocatorINS_11__hash_nodeINS_17__hash_value_typeIPN6System7Typinfo9TTypeInfoEPSt9type_infoEEPvEEE8allocateB6v15007Ey CODE
 0001:0000dbe0 00000019H .text$_ZNSt3__116allocator_traitsINS_9allocatorINS_11__hash_nodeINS_17__hash_value_typeIPN6System7Typinfo9TTypeInfoEPSt9type_infoEEPvEEEEE8max_sizeB6v15007ISD_vEEyRKSD_ CODE
 0001:0000dc00 00000034H .text$_ZSt28__throw_bad_array_new_lengthB6v15007v CODE
 0001:0000dc40 00000061H .text$_ZNSt3__117__libcpp_allocateB6v15007Eyy CODE
 0001:0000dcb0 00000011H .text$_ZNKSt3__19allocatorINS_11__hash_nodeINS_17__hash_value_typeIPN6System7Typinfo9TTypeInfoEPSt9type_infoEEPvEEE8max_sizeB6v15007Ev CODE
 0001:0000dcd0 00000023H .text$_ZNSt3__121__libcpp_operator_newB6v15007IJySt11align_val_tEEEPvDpT_ CODE
 0001:0000dd00 00000019H .text$_ZNSt3__121__libcpp_operator_newB6v15007IJyEEEPvDpT_ CODE
 0001:0000dd20 00000040H .text$_ZNSt3__117__compressed_pairIPNS_11__hash_nodeINS_17__hash_value_typeIPN6System7Typinfo9TTypeInfoEPSt9type_infoEEPvEENS_22__hash_node_destructorINS_9allocatorISB_EEEEEC2B6v15007IRSC_SG_EEOT_OT0_ CODE
 0001:0000dd60 00000021H .text$_ZNSt3__122__compressed_pair_elemIPNS_11__hash_nodeINS_17__hash_value_typeIPN6System7Typinfo9TTypeInfoEPSt9type_infoEEPvEELi0ELb0EEC2B6v15007IRSC_vEEOT_ CODE
 0001:0000dd90 00000029H .text$_ZNSt3__122__compressed_pair_elemINS_22__hash_node_destructorINS_9allocatorINS_11__hash_nodeINS_17__hash_value_typeIPN6System7Typinfo9TTypeInfoEPSt9type_infoEEPvEEEEEELi1ELb0EEC2B6v15007ISF_vEEOT_ CODE
 0001:0000ddc0 0000004bH .text$_ZNSt3__19allocatorINS_11__hash_nodeINS_17__hash_value_typeIPN6System7Typinfo9TTypeInfoEPSt9type_infoEEPvEEE9constructB6v15007INS_4pairIKS6_S8_EEJRKNS_21piecewise_construct_tENS_5tupleIJRSF_EEENSK_IJEEEEEEvPT_DpOT0_ CODE
 0001:0000de10 00000057H .text$_ZNSt3__14pairIKPN6System7Typinfo9TTypeInfoEPSt9type_infoEC2B6v15007IJRS5_EJEEENS_21piecewise_construct_tENS_5tupleIJDpT_EEENSC_IJDpT0_EEE CODE
 0001:0000de70 00000060H .text$_ZNSt3__14pairIKPN6System7Typinfo9TTypeInfoEPSt9type_infoEC2B6v15007IJRS5_EJEJLy0EEJEEENS_21piecewise_construct_tERNS_5tupleIJDpT_EEERNSC_IJDpT0_EEENS_15__tuple_indicesIJXspT1_EEEENSL_IJXspT2_EEEE CODE
 0001:0000ded0 00000019H .text$_ZNSt3__13getB6v15007ILy0EJRKPN6System7Typinfo9TTypeInfoEEEERNS_13tuple_elementIXT_ENS_5tupleIJDpT0_EEEE4typeERSB_ CODE
 0001:0000def0 0000000eH .text$_ZNSt3__112__tuple_leafILy0ERKPN6System7Typinfo9TTypeInfoELb0EE3getB6v15007Ev CODE
 0001:0000df00 0000001dH .text$_ZNSt3__117__compressed_pairIPNS_11__hash_nodeINS_17__hash_value_typeIPN6System7Typinfo9TTypeInfoEPSt9type_infoEEPvEENS_22__hash_node_destructorINS_9allocatorISB_EEEEE6secondB6v15007Ev CODE
 0001:0000df20 0000000bH .text$_ZNSt3__122__compressed_pair_elemINS_22__hash_node_destructorINS_9allocatorINS_11__hash_nodeINS_17__hash_value_typeIPN6System7Typinfo9TTypeInfoEPSt9type_infoEEPvEEEEEELi1ELb0EE5__getB6v15007Ev CODE
 0001:0000df30 00000019H .text$_ZNSt3__117__compressed_pairIyNS_22__unordered_map_hasherIPN6System7Typinfo9TTypeInfoENS_17__hash_value_typeIS5_PSt9type_infoEENS_4hashIS5_EENS_8equal_toIS5_EELb1EEEE5firstB6v15007Ev CODE
 0001:0000df50 00000019H .text$_ZNSt3__117__compressed_pairIfNS_21__unordered_map_equalIPN6System7Typinfo9TTypeInfoENS_17__hash_value_typeIS5_PSt9type_infoEENS_8equal_toIS5_EENS_4hashIS5_EELb1EEEE5firstB6v15007Ev CODE
 0001:0000df70 0000000bH .text$_ZNSt3__122__compressed_pair_elemIfLi0ELb0EE5__getB6v15007Ev CODE
 0001:0000df80 00000255H .text$_ZNSt3__112__hash_tableINS_17__hash_value_typeIPN6System7Typinfo9TTypeInfoEPSt9type_infoEENS_22__unordered_map_hasherIS5_S8_NS_4hashIS5_EENS_8equal_toIS5_EELb1EEENS_21__unordered_map_equalIS5_S8_SD_SB_Lb1EEENS_9allocatorIS8_EEE8__rehashILb1EEEvy CODE
 0001:0000e1e0 000002c2H .text$_ZNSt3__112__hash_tableINS_17__hash_value_typeIPN6System7Typinfo9TTypeInfoEPSt9type_infoEENS_22__unordered_map_hasherIS5_S8_NS_4hashIS5_EENS_8equal_toIS5_EELb1EEENS_21__unordered_map_equalIS5_S8_SD_SB_Lb1EEENS_9allocatorIS8_EEE11__do_rehashILb1EEEvy CODE
 0001:0000e4b0 00000056H .text$_ZNSt3__116__next_hash_pow2B6v15007Ey CODE
 0001:0000e510 00000007H .text$_ZNSt3__125__debug_db_invalidate_allB6v15007INS_12__hash_tableINS_17__hash_value_typeIPN6System7Typinfo9TTypeInfoEPSt9type_infoEENS_22__unordered_map_hasherIS6_S9_NS_4hashIS6_EENS_8equal_toIS6_EELb1EEENS_21__unordered_map_equalIS6_S9_SE_SC_Lb1EEENS_9allocatorIS9_EEEEEEvPT_ CODE
 0001:0000e520 00000019H .text$_ZNSt3__110unique_ptrIA_PNS_16__hash_node_baseIPNS_11__hash_nodeINS_17__hash_value_typeIPN6System7Typinfo9TTypeInfoEPSt9type_infoEEPvEEEENS_25__bucket_list_deallocatorINS_9allocatorISF_EEEEE11get_deleterB6v15007Ev CODE
 0001:0000e540 0000006aH .text$_ZNSt3__110unique_ptrIA_PNS_16__hash_node_baseIPNS_11__hash_nodeINS_17__hash_value_typeIPN6System7Typinfo9TTypeInfoEPSt9type_infoEEPvEEEENS_25__bucket_list_deallocatorINS_9allocatorISF_EEEEE5resetB6v15007IPSF_EENS_9enable_ifIXsr28_CheckArrayPointerConversionIT_EE5valueEvE4typeESP_ CODE
 0001:0000e5b0 00000023H .text$_ZNSt3__116allocator_traitsINS_9allocatorIPNS_16__hash_node_baseIPNS_11__hash_nodeINS_17__hash_value_typeIPN6System7Typinfo9TTypeInfoEPSt9type_infoEEPvEEEEEEE8allocateB6v15007ERSH_y CODE
 0001:0000e5e0 00000051H .text$_ZNSt3__19allocatorIPNS_16__hash_node_baseIPNS_11__hash_nodeINS_17__hash_value_typeIPN6System7Typinfo9TTypeInfoEPSt9type_infoEEPvEEEEE8allocateB6v15007Ey CODE
 0001:0000e640 00000019H .text$_ZNSt3__116allocator_traitsINS_9allocatorIPNS_16__hash_node_baseIPNS_11__hash_nodeINS_17__hash_value_typeIPN6System7Typinfo9TTypeInfoEPSt9type_infoEEPvEEEEEEE8max_sizeB6v15007ISH_vEEyRKSH_ CODE
 0001:0000e660 00000011H .text$_ZNKSt3__19allocatorIPNS_16__hash_node_baseIPNS_11__hash_nodeINS_17__hash_value_typeIPN6System7Typinfo9TTypeInfoEPSt9type_infoEEPvEEEEE8max_sizeB6v15007Ev CODE
 0001:0000e680 00000013H .text$_ZNSt3__112__libcpp_clzB6v15007Ey CODE
 0001:0000e6a0 00000057H .text$_ZNSt3__13maxB6v15007IyNS_6__lessIyyEEEERKT_S5_S5_T0_ CODE
 0001:0000e700 0000002eH .text$_ZNKSt3__16__lessIyyEclB6v15007ERKyS3_ CODE
 0001:0000e730 00000019H .text$_ZNKSt3__117__compressed_pairIPNS_11__hash_nodeINS_17__hash_value_typeIPN6System7Typinfo9TTypeInfoEPSt9type_infoEEPvEENS_22__hash_node_destructorINS_9allocatorISB_EEEEE5firstB6v15007Ev CODE
 0001:0000e750 0000000bH .text$_ZNKSt3__122__compressed_pair_elemIPNS_11__hash_nodeINS_17__hash_value_typeIPN6System7Typinfo9TTypeInfoEPSt9type_infoEEPvEELi0ELb0EE5__getB6v15007Ev CODE
 0001:0000e760 00000019H .text$_ZNSt3__117__compressed_pairIPNS_11__hash_nodeINS_17__hash_value_typeIPN6System7Typinfo9TTypeInfoEPSt9type_infoEEPvEENS_22__hash_node_destructorINS_9allocatorISB_EEEEE5firstB6v15007Ev CODE
 0001:0000e780 0000000bH .text$_ZNSt3__122__compressed_pair_elemIPNS_11__hash_nodeINS_17__hash_value_typeIPN6System7Typinfo9TTypeInfoEPSt9type_infoEEPvEELi0ELb0EE5__getB6v15007Ev CODE
 0001:0000e790 0000006aH .text$_ZNSt3__110unique_ptrINS_11__hash_nodeINS_17__hash_value_typeIPN6System7Typinfo9TTypeInfoEPSt9type_infoEEPvEENS_22__hash_node_destructorINS_9allocatorISB_EEEEE5resetB6v15007EPSB_ CODE
 0001:0000e800 00000089H .text$_ZNSt3__122__hash_node_destructorINS_9allocatorINS_11__hash_nodeINS_17__hash_value_typeIPN6System7Typinfo9TTypeInfoEPSt9type_infoEEPvEEEEEclB6v15007EPSC_ CODE
 0001:0000e890 00000040H .text$_ZNSt3__15tupleIJRKPN6System7Typinfo9TTypeInfoEEEC2B6v15007INS_4_AndELi0EEES6_ CODE
 0001:0000e8d0 00000039H .text$_ZNSt3__112__tuple_implINS_15__tuple_indicesIJLy0EEEEJRKPN6System7Typinfo9TTypeInfoEEEC2B6v15007IJLy0EEJS8_EJEJEJS8_EEENS1_IJXspT_EEEENS_13__tuple_typesIJDpT0_EEENS1_IJXspT1_EEEENSC_IJDpT2_EEEDpOT3_ CODE
 0001:0000e910 0000001eH .text$_ZNSt3__112__tuple_leafILy0ERKPN6System7Typinfo9TTypeInfoELb0EEC2B6v15007IS6_vEEOT_ CODE
 0001:0000e930 0000000bH .text$_ZNSt3__114pointer_traitsIPNS_17__hash_value_typeIPN6System7Typinfo9TTypeInfoEPSt9type_infoEEE10pointer_toB6v15007ERS8_ CODE
 0001:0000e940 00002b56H .text                   CODE
 0001:000114a0 0000005bH .text$_ZN6System11WideCharLenIwEEiPKT_ CODE
 0001:00011500 0000005bH .text$_ZN6System11WideCharLenIDsEEiPKT_ CODE
 0001:00011560 00000059H .text$_ZN6System11AnsiStringTILt0EEC2EPKci CODE
 0001:000115c0 00001c2cH .text                   CODE
 0002:00000000 00000008H .rdata$.refptr._MINGW_INSTALL_DEBUG_MATHERR DATA
 0002:00000008 00000008H .rdata$.refptr.__dyn_tls_init_callback DATA
 0002:00000010 00000008H .rdata$.refptr.__globallocalestatus DATA
 0002:00000018 00000008H .rdata$.refptr.__image_base__ DATA
 0002:00000020 00000008H .rdata$.refptr.__imp___winitenv DATA
 0002:00000028 00000008H .rdata$.refptr.__mingw_app_type DATA
 0002:00000030 00000008H .rdata$.refptr.__mingw_initltsdrot_force DATA
 0002:00000038 00000008H .rdata$.refptr.__mingw_initltsdyn_force DATA
 0002:00000040 00000008H .rdata$.refptr.__mingw_initltssuo_force DATA
 0002:00000048 00000008H .rdata$.refptr.__mingw_oldexcpt_handler DATA
 0002:00000050 00000008H .rdata$.refptr.__native_startup_lock DATA
 0002:00000058 00000008H .rdata$.refptr.__native_startup_state DATA
 0002:00000060 00000008H .rdata$.refptr.__xc_a   DATA
 0002:00000068 00000008H .rdata$.refptr.__xc_z   DATA
 0002:00000070 00000008H .rdata$.refptr.__xi_a   DATA
 0002:00000078 00000008H .rdata$.refptr.__xi_z   DATA
 0002:00000080 00000008H .rdata$.refptr._commode DATA
 0002:00000088 00000008H .rdata$.refptr._dowildcard DATA
 0002:00000090 00000008H .rdata$.refptr._fmode   DATA
 0002:00000098 00000008H .rdata$.refptr._hInstance DATA
 0002:000000a0 00000008H .rdata$.refptr._newmode DATA
 0002:000000a8 000059edH .rdata                  DATA
 0002:00005a98 00000008H .rdata$.refptr.Form1    DATA
 0002:00005aa0 00000008H .rdata$.refptr._ZTRN6System8Sysutils9ExceptionE DATA
 0002:00005aa8 00000008H .rdata$.refptr._ZTV6TForm1 DATA
 0002:00005ab0 00000008H .rdata$.refptr._ZTVN3Vcl6Themes13TStyleManagerE DATA
 0002:00005ab8 00000008H .rdata$.refptr._ZTVN6System8Sysutils9ExceptionE DATA
 0002:00005ac0 0000064eH .rdata                  DATA
 0002:00006110 00000032H .rdata$_ZTR6TForm1      DATA
 0002:00006148 00000008H .rdata$.refptr._ZN6System10_init_instE DATA
 0002:00006150 00000008H .rdata$.refptr._ZTVN3Vcl8Stdctrls7TButtonE DATA
 0002:00006158 00000008H .rdata$.refptr._ZTVN6System7TObjectE DATA
 0002:00006160 00000012H .rdata                  DATA
 0002:00006178 00000008H .rdata$.refptr.__imp__tzset DATA
 0002:00006180 00000008H .rdata$.refptr.__mingw_module_is_dll DATA
 0002:00006188 00000008H .rdata$.refptr.__CTOR_LIST__ DATA
 0002:00006190 00000038H .rdata                  DATA
 0002:000061c8 00000008H .rdata$.refptr._CRT_MT  DATA
 0002:000061d0 00000255H .rdata                  DATA
 0002:00006428 00000008H .rdata$.refptr.__RUNTIME_PSEUDO_RELOC_LIST_END__ DATA
 0002:00006430 00000008H .rdata$.refptr.__RUNTIME_PSEUDO_RELOC_LIST__ DATA
 0002:00006438 00000001H .rdata                  DATA
 0002:00006440 00000008H .rdata$.refptr._ZTRN6System8Sysutils11ERangeErrorE DATA
 0002:00006448 00000008H .rdata$.refptr._ZTVN6System8Sysutils11ERangeErrorE DATA
 0002:00006450 000001b2H .rdata                  DATA
 0002:00006602 00000019H .rdata$_ZTSSt20bad_array_new_length DATA
 0002:0000661b 0000000dH .rdata$_ZTSSt9bad_alloc DATA
 0002:00006628 0000000dH .rdata$_ZTSSt9exception DATA
 0002:00006638 00000010H .rdata$_ZTISt9exception DATA
 0002:00006648 00000018H .rdata$_ZTISt9bad_alloc DATA
 0002:00006660 00000018H .rdata$_ZTISt20bad_array_new_length DATA
 0002:00006678 0000006cH .rdata                  DATA
 0002:000066e8 00000008H .rdata$.refptr.__EMBT_INIT_LIST_BEGIN__ DATA
 0002:000066f0 00000008H .rdata$.refptr.__EMBT_INIT_LIST_END__ DATA
 0002:000066f8 00000008H .rdata$.refptr.__isDLL  DATA
 0002:00006700 00000008H .rdata$.refptr.__isGUI  DATA
 0002:00006708 00000008H .rdata$.refptr.__isVCLPackage DATA
 0002:00006710 000003a0H .rdata                  DATA
 0002:00006b28 00000008H .CRT$XCA                DATA
 0002:00006b30 00000008H .CRT$XCAA               DATA
 0002:00006b38 00000008H .CRT$XCZ                DATA
 0002:00006b40 00000008H .CRT$XDA                DATA
 0002:00006b48 00000008H .CRT$XDZ                DATA
 0002:00006b50 00000008H .CRT$XIA                DATA
 0002:00006b58 00000008H .CRT$XIAA               DATA
 0002:00006b60 00000008H .CRT$XIZ                DATA
 0002:00006b68 00000008H .CRT$XLA                DATA
 0002:00006b70 00000008H .CRT$XLC                DATA
 0002:00006b78 00000008H .CRT$XLD                DATA
 0002:00006b80 00000008H .CRT$XLZ                DATA
 0002:00006b90 00000008H .ctors                  DATA
 0002:00006b98 00000008H .ctors.65435            DATA
 0002:00006ba0 00000010H .ctors.65534            DATA
 0002:00006bc0 00000008H .dtors.65435            DATA
 0002:0000d2d4 00000264H .xdata                  DATA
 0002:0000d538 00000008H .xdata$_ZN6System7Classes15TComponentClassC1EPNS_10TMetaClassE DATA
 0002:0000d540 00000008H .xdata$_ZN6System7Classes15TComponentClassC2EPNS_10TMetaClassE DATA
 0002:0000d548 00000008H .xdata$_ZN6System15DelphiMetaClassINS_7Classes15TComponentClassEEC2EPNS_10TMetaClassE DATA
 0002:0000d550 00000104H .xdata                  DATA
 0002:0000d654 00000020H .xdata$_ZN6System11AnsiStringTILt0EED2Ev DATA
 0002:0000d674 00000044H .xdata$_ZNSt3__124__put_character_sequenceIcNS_11char_traitsIcEEEERNS_13basic_ostreamIT_T0_EES7_PKS4_y DATA
 0002:0000d6b8 00000024H .xdata$_ZNSt3__116__pad_and_outputIcNS_11char_traitsIcEEEENS_19ostreambuf_iteratorIT_T0_EES6_PKS4_S8_S8_RNS_8ios_baseES4_ DATA
 0002:0000d6dc 00000020H .xdata$_ZNSt3__119ostreambuf_iteratorIcNS_11char_traitsIcEEEC2B6v15007ERNS_13basic_ostreamIcS2_EE DATA
 0002:0000d6fc 0000001cH .xdata$_ZNKSt3__19basic_iosIcNS_11char_traitsIcEEE5widenB6v15007Ec DATA
 0002:0000d718 00000034H .xdata$_ZNSt3__113basic_ostreamIcNS_11char_traitsIcEEE6sentryD2Ev DATA
 0002:0000d74c 00000020H .xdata$_ZNSt3__112basic_stringIwNS_11char_traitsIwEENS_9allocatorIwEEEC2B6v15007EOS5_ DATA
 0002:0000d76c 00000008H .xdata$_ZNSt3__112basic_stringIcNS_11char_traitsIcEENS_9allocatorIcEEEC1B6v15007IDnEEPKc DATA
 0002:0000d774 00000008H .xdata$_ZN3Vcl5Forms5TFormC3EPN6System7Classes10TComponentE DATA
 0002:0000d77c 00000008H .xdata$_ZNSt3__1lsINS_11char_traitsIcEEEERNS_13basic_ostreamIcT_EES6_PKc DATA
 0002:0000d784 00000008H .xdata$_ZNSt3__113basic_ostreamIcNS_11char_traitsIcEEElsB6v15007EPFRS3_S4_E DATA
 0002:0000d78c 00000008H .xdata$_ZNSt3__14endlIcNS_11char_traitsIcEEEERNS_13basic_ostreamIT_T0_EES7_ DATA
 0002:0000d794 00000008H .xdata$_ZNSt3__1plB6v15007IwNS_11char_traitsIwEENS_9allocatorIwEEEENS_12basic_stringIT_T0_T1_EEPKS6_OS9_ DATA
 0002:0000d79c 00000008H .xdata$_ZNKSt3__112basic_stringIwNS_11char_traitsIwEENS_9allocatorIwEEE5c_strB6v15007Ev DATA
 0002:0000d7a4 00000008H .xdata$_ZN3Vcl8Stdctrls7TButtonC3EPN6System7Classes10TComponentE DATA
 0002:0000d7ac 00000008H .xdata$_ZN6System3SetINS_7Uitypes10TFontStyleELS2_0ELS2_3EElsES2_ DATA
 0002:0000d7b4 00000008H .xdata$_ZN6System13UnicodeStringC1Ec DATA
 0002:0000d7bc 00000008H .xdata$_ZN3Vcl5Forms5TFormD0Ev DATA
 0002:0000d7c4 00000008H .xdata$_ZN6System11AnsiStringTILt0EEC1ERKNS_13UnicodeStringE DATA
 0002:0000d7cc 00000008H .xdata$_ZNK6System11AnsiStringTILt0EE5c_strEv DATA
 0002:0000d7d4 00000008H .xdata$_ZN6System11AnsiStringTILt0EED1Ev DATA
 0002:0000d7dc 00000008H .xdata$_ZNSt3__1lsIcNS_11char_traitsIcEENS_9allocatorIcEEEERNS_13basic_ostreamIT_T0_EES9_RKNS_12basic_stringIS6_S7_T1_EE DATA
 0002:0000d7e4 00000008H .xdata$_ZNKSt3__112basic_stringIcNS_11char_traitsIcEENS_9allocatorIcEEE5c_strB6v15007Ev DATA
 0002:0000d7ec 00000008H .xdata$_ZNK6System13UnicodeString5c_strEv DATA
 0002:0000d7f4 00000008H .xdata$_ZN6TForm1D0Ev   DATA
 0002:0000d7fc 00000008H .xdata$_ZN3Vcl5Forms5TFormC3EPN6System7Classes10TComponentEi DATA
 0002:0000d804 00000008H .xdata$_ZN3Vcl5Forms5TFormC3EPN6System7Classes10TComponentEii DATA
 0002:0000d80c 00000008H .xdata$_ZN6System13UnicodeStringC2Ec DATA
 0002:0000d814 00000008H .xdata$_ZNKSt3__112basic_stringIcNS_11char_traitsIcEENS_9allocatorIcEEE4dataB6v15007Ev DATA
 0002:0000d81c 00000008H .xdata$_ZNSt3__112__to_addressB6v15007IKcEEPT_S3_ DATA
 0002:0000d824 00000008H .xdata$_ZNKSt3__112basic_stringIcNS_11char_traitsIcEENS_9allocatorIcEEE13__get_pointerB6v15007Ev DATA
 0002:0000d82c 00000008H .xdata$_ZNKSt3__112basic_stringIcNS_11char_traitsIcEENS_9allocatorIcEEE9__is_longB6v15007Ev DATA
 0002:0000d834 00000008H .xdata$_ZNKSt3__112basic_stringIcNS_11char_traitsIcEENS_9allocatorIcEEE18__get_long_pointerB6v15007Ev DATA
 0002:0000d83c 00000008H .xdata$_ZNKSt3__112basic_stringIcNS_11char_traitsIcEENS_9allocatorIcEEE19__get_short_pointerB6v15007Ev DATA
 0002:0000d844 00000008H .xdata$_ZNKSt3__117__compressed_pairINS_12basic_stringIcNS_11char_traitsIcEENS_9allocatorIcEEE5__repES5_E5firstB6v15007Ev DATA
 0002:0000d84c 00000008H .xdata$_ZNKSt3__122__compressed_pair_elemINS_12basic_stringIcNS_11char_traitsIcEENS_9allocatorIcEEE5__repELi0ELb0EE5__getB6v15007Ev DATA
 0002:0000d854 00000008H .xdata$_ZNSt3__114pointer_traitsIPKcE10pointer_toB6v15007ERS1_ DATA
 0002:0000d85c 00000008H .xdata$_ZN6System11AnsiStringTILt0EEC2ERKNS_13UnicodeStringE DATA
 0002:0000d864 00000020H .xdata$_ZN6System11AnsiStringTILt0EED2Ev DATA
 0002:0000d884 00000008H .xdata$_ZN6System11AnsiStringTILt0EEC1Ev DATA
 0002:0000d88c 00000008H .xdata$_ZN6System11AnsiStringTILt0EEC1ERKS1_ DATA
 0002:0000d894 00000008H .xdata$_ZN6System11AnsiStringTILt0EEC2Ev DATA
 0002:0000d89c 00000008H .xdata$_ZN6System14AnsiStringBaseC2Ev DATA
 0002:0000d8a4 00000008H .xdata$_ZN6System11AnsiStringTILt0EEC2ERKS1_ DATA
 0002:0000d8ac 00000044H .xdata$_ZNSt3__124__put_character_sequenceIcNS_11char_traitsIcEEEERNS_13basic_ostreamIT_T0_EES7_PKS4_y DATA
 0002:0000d8f0 00000008H .xdata$_ZNSt3__111char_traitsIcE6lengthEPKc DATA
 0002:0000d8f8 00000008H .xdata$_ZNSt3__113basic_ostreamIcNS_11char_traitsIcEEE6sentryC1ERS3_ DATA
 0002:0000d900 00000008H .xdata$_ZNKSt3__113basic_ostreamIcNS_11char_traitsIcEEE6sentrycvbB6v15007Ev DATA
 0002:0000d908 00000024H .xdata$_ZNSt3__116__pad_and_outputIcNS_11char_traitsIcEEEENS_19ostreambuf_iteratorIT_T0_EES6_PKS4_S8_S8_RNS_8ios_baseES4_ DATA
 0002:0000d92c 00000008H .xdata$_ZNSt3__119ostreambuf_iteratorIcNS_11char_traitsIcEEEC1B6v15007ERNS_13basic_ostreamIcS2_EE DATA
 0002:0000d934 00000008H .xdata$_ZNKSt3__18ios_base5flagsB6v15007Ev DATA
 0002:0000d93c 00000008H .xdata$_ZNKSt3__19basic_iosIcNS_11char_traitsIcEEE4fillB6v15007Ev DATA
 0002:0000d944 00000008H .xdata$_ZNKSt3__119ostreambuf_iteratorIcNS_11char_traitsIcEEE6failedB6v15007Ev DATA
 0002:0000d94c 00000008H .xdata$_ZNSt3__19basic_iosIcNS_11char_traitsIcEEE8setstateB6v15007Ej DATA
 0002:0000d954 00000008H .xdata$_ZNSt3__113basic_ostreamIcNS_11char_traitsIcEEE6sentryD1Ev DATA
 0002:0000d95c 00000008H .xdata$_ZNSt3__113basic_ostreamIcNS_11char_traitsIcEEE6sentryC2ERS3_ DATA
 0002:0000d964 00000008H .xdata$_ZNKSt3__19basic_iosIcNS_11char_traitsIcEEE4goodB6v15007Ev DATA
 0002:0000d96c 00000008H .xdata$_ZNKSt3__19basic_iosIcNS_11char_traitsIcEEE3tieB6v15007Ev DATA
 0002:0000d974 00000008H .xdata$_ZNKSt3__18ios_base4goodB6v15007Ev DATA
 0002:0000d97c 00000008H .xdata$_ZNKSt3__18ios_base5widthB6v15007Ev DATA
 0002:0000d984 00000008H .xdata$_ZNSt3__115basic_streambufIcNS_11char_traitsIcEEE5sputnB6v15007EPKcx DATA
 0002:0000d98c 00000008H .xdata$_ZNSt3__112basic_stringIcNS_11char_traitsIcEENS_9allocatorIcEEEC1B6v15007Eyc DATA
 0002:0000d994 00000008H .xdata$_ZNSt3__112basic_stringIcNS_11char_traitsIcEENS_9allocatorIcEEE4dataB6v15007Ev DATA
 0002:0000d99c 00000008H .xdata$_ZNSt3__18ios_base5widthB6v15007Ex DATA
 0002:0000d9a4 00000008H .xdata$_ZNSt3__112basic_stringIcNS_11char_traitsIcEENS_9allocatorIcEEEC2B6v15007Eyc DATA
 0002:0000d9ac 00000008H .xdata$_ZNSt3__117__compressed_pairINS_12basic_stringIcNS_11char_traitsIcEENS_9allocatorIcEEE5__repES5_EC1B6v15007INS_18__default_init_tagESA_EEOT_OT0_ DATA
 0002:0000d9b4 00000008H .xdata$_ZNSt3__119__debug_db_insert_cB6v15007INS_12basic_stringIcNS_11char_traitsIcEENS_9allocatorIcEEEEEEvPT_ DATA
 0002:0000d9bc 00000008H .xdata$_ZNSt3__117__compressed_pairINS_12basic_stringIcNS_11char_traitsIcEENS_9allocatorIcEEE5__repES5_EC2B6v15007INS_18__default_init_tagESA_EEOT_OT0_ DATA
 0002:0000d9c4 00000008H .xdata$_ZNSt3__122__compressed_pair_elemINS_12basic_stringIcNS_11char_traitsIcEENS_9allocatorIcEEE5__repELi0ELb0EEC2B6v15007ENS_18__default_init_tagE DATA
 0002:0000d9cc 00000008H .xdata$_ZNSt3__122__compressed_pair_elemINS_9allocatorIcEELi1ELb1EEC2B6v15007ENS_18__default_init_tagE DATA
 0002:0000d9d4 00000008H .xdata$_ZNSt3__19allocatorIcEC2B6v15007Ev DATA
 0002:0000d9dc 00000008H .xdata$_ZNSt3__116__non_trivial_ifILb1ENS_9allocatorIcEEEC2B6v15007Ev DATA
 0002:0000d9e4 00000008H .xdata$_ZNSt3__112__to_addressB6v15007IcEEPT_S2_ DATA
 0002:0000d9ec 00000008H .xdata$_ZNSt3__112basic_stringIcNS_11char_traitsIcEENS_9allocatorIcEEE13__get_pointerB6v15007Ev DATA
 0002:0000d9f4 00000008H .xdata$_ZNSt3__112basic_stringIcNS_11char_traitsIcEENS_9allocatorIcEEE18__get_long_pointerB6v15007Ev DATA
 0002:0000d9fc 00000008H .xdata$_ZNSt3__112basic_stringIcNS_11char_traitsIcEENS_9allocatorIcEEE19__get_short_pointerB6v15007Ev DATA
 0002:0000da04 00000008H .xdata$_ZNSt3__117__compressed_pairINS_12basic_stringIcNS_11char_traitsIcEENS_9allocatorIcEEE5__repES5_E5firstB6v15007Ev DATA
 0002:0000da0c 00000008H .xdata$_ZNSt3__122__compressed_pair_elemINS_12basic_stringIcNS_11char_traitsIcEENS_9allocatorIcEEE5__repELi0ELb0EE5__getB6v15007Ev DATA
 0002:0000da14 00000008H .xdata$_ZNSt3__114pointer_traitsIPcE10pointer_toB6v15007ERc DATA
 0002:0000da1c 00000020H .xdata$_ZNSt3__119ostreambuf_iteratorIcNS_11char_traitsIcEEEC2B6v15007ERNS_13basic_ostreamIcS2_EE DATA
 0002:0000da3c 00000008H .xdata$_ZNKSt3__19basic_iosIcNS_11char_traitsIcEEE5rdbufB6v15007Ev DATA
 0002:0000da44 00000008H .xdata$_ZNKSt3__18ios_base5rdbufB6v15007Ev DATA
 0002:0000da4c 00000008H .xdata$_ZNSt3__111char_traitsIcE11eq_int_typeEii DATA
 0002:0000da54 0000001cH .xdata$_ZNKSt3__19basic_iosIcNS_11char_traitsIcEEE5widenB6v15007Ec DATA
 0002:0000da70 00000008H .xdata$_ZNSt3__19use_facetB6v15007INS_5ctypeIcEEEERKT_RKNS_6localeE DATA
 0002:0000da78 00000008H .xdata$_ZNKSt3__15ctypeIcE5widenB6v15007Ec DATA
 0002:0000da80 00000008H .xdata$_ZNSt3__18ios_base8setstateB6v15007Ej DATA
 0002:0000da88 00000034H .xdata$_ZNSt3__113basic_ostreamIcNS_11char_traitsIcEEE6sentryD2Ev DATA
 0002:0000dabc 00000008H .xdata$_ZNSt3__115basic_streambufIcNS_11char_traitsIcEEE7pubsyncB6v15007Ev DATA
 0002:0000dac4 00000008H .xdata$_ZNKSt3__112basic_stringIwNS_11char_traitsIwEENS_9allocatorIwEEE4dataB6v15007Ev DATA
 0002:0000dacc 00000008H .xdata$_ZNSt3__112__to_addressB6v15007IKwEEPT_S3_ DATA
 0002:0000dad4 00000008H .xdata$_ZNKSt3__112basic_stringIwNS_11char_traitsIwEENS_9allocatorIwEEE13__get_pointerB6v15007Ev DATA
 0002:0000dadc 00000008H .xdata$_ZNKSt3__112basic_stringIwNS_11char_traitsIwEENS_9allocatorIwEEE9__is_longB6v15007Ev DATA
 0002:0000dae4 00000008H .xdata$_ZNKSt3__112basic_stringIwNS_11char_traitsIwEENS_9allocatorIwEEE18__get_long_pointerB6v15007Ev DATA
 0002:0000daec 00000008H .xdata$_ZNKSt3__112basic_stringIwNS_11char_traitsIwEENS_9allocatorIwEEE19__get_short_pointerB6v15007Ev DATA
 0002:0000daf4 00000008H .xdata$_ZNKSt3__117__compressed_pairINS_12basic_stringIwNS_11char_traitsIwEENS_9allocatorIwEEE5__repES5_E5firstB6v15007Ev DATA
 0002:0000dafc 00000008H .xdata$_ZNKSt3__122__compressed_pair_elemINS_12basic_stringIwNS_11char_traitsIwEENS_9allocatorIwEEE5__repELi0ELb0EE5__getB6v15007Ev DATA
 0002:0000db04 00000008H .xdata$_ZNSt3__114pointer_traitsIPKwE10pointer_toB6v15007ERS1_ DATA
 0002:0000db0c 00000008H .xdata$_ZNSt3__112basic_stringIcNS_11char_traitsIcEENS_9allocatorIcEEEC2B6v15007IDnEEPKc DATA
 0002:0000db14 00000008H .xdata$_ZNSt3__112basic_stringIwNS_11char_traitsIwEENS_9allocatorIwEEEC1B6v15007EOS5_ DATA
 0002:0000db1c 00000020H .xdata$_ZNSt3__112basic_stringIwNS_11char_traitsIwEENS_9allocatorIwEEEC2B6v15007EOS5_ DATA
 0002:0000db3c 00000008H .xdata$_ZNSt3__112basic_stringIwNS_11char_traitsIwEENS_9allocatorIwEEE14__default_initB6v15007Ev DATA
 0002:0000db44 00000008H .xdata$_ZNSt3__119__debug_db_insert_cB6v15007INS_12basic_stringIwNS_11char_traitsIwEENS_9allocatorIwEEEEEEvPT_ DATA
 0002:0000db4c 00000008H .xdata$_ZNSt3__115__debug_db_swapB6v15007INS_12basic_stringIwNS_11char_traitsIwEENS_9allocatorIwEEEEEEvPT_S8_ DATA
 0002:0000db54 00000008H .xdata$_ZNSt3__112basic_stringIwNS_11char_traitsIwEENS_9allocatorIwEEE6__zeroB6v15007Ev DATA
 0002:0000db5c 00000008H .xdata$_ZNSt3__117__compressed_pairINS_12basic_stringIwNS_11char_traitsIwEENS_9allocatorIwEEE5__repES5_E5firstB6v15007Ev DATA
 0002:0000db64 00000008H .xdata$_ZNSt3__122__compressed_pair_elemINS_12basic_stringIwNS_11char_traitsIwEENS_9allocatorIwEEE5__repELi0ELb0EE5__getB6v15007Ev DATA
 0002:0000db6c 00000008H .xdata$_ZNKSt3__112basic_stringIcNS_11char_traitsIcEENS_9allocatorIcEEE4sizeB6v15007Ev DATA
 0002:0000db74 00000008H .xdata$_ZNKSt3__112basic_stringIcNS_11char_traitsIcEENS_9allocatorIcEEE15__get_long_sizeB6v15007Ev DATA
 0002:0000db7c 00000008H .xdata$_ZNKSt3__112basic_stringIcNS_11char_traitsIcEENS_9allocatorIcEEE16__get_short_sizeB6v15007Ev DATA
 0002:0000db84 000005b0H .xdata                  DATA
 0002:0000e134 00000020H .xdata$_ZN6System8Sysutils11ERangeErrorC3ENS_13UnicodeStringE DATA
 0002:0000e154 00000020H .xdata$_ZN6System11AnsiStringTILt0EED2Ev DATA
 0002:0000e174 00000020H .xdata$_ZN6System8Sysutils9EIntErrorC3ENS_13UnicodeStringE DATA
 0002:0000e194 00000020H .xdata$_ZN6System8Sysutils9EExternalC3ENS_13UnicodeStringE DATA
 0002:0000e1b4 00000020H .xdata$_ZN6System8Sysutils11ERangeErrorC3ENS_13UnicodeStringE DATA
 0002:0000e1d4 00000008H .xdata$_ZN6System8Sysutils11ERangeErrorD0Ev DATA
 0002:0000e1dc 00000008H .xdata$_ZN6System8_CharLenIwEEiPKT_ DATA
 0002:0000e1e4 00000008H .xdata$_ZN6System8_CharLenIDsEEiPKT_ DATA
 0002:0000e1ec 00000008H .xdata$_ZN6System14AnsiStringBaseC2ILt0EEEONS_11AnsiStringTIXT_EEE DATA
 0002:0000e1f4 00000008H .xdata$_ZN6System13UnicodeStringC2ILt0EEERKNS_11AnsiStringTIXT_EEE DATA
 0002:0000e1fc 00000008H .xdata$_ZNK6System14AnsiStringBase8CodePageEv DATA
 0002:0000e204 00000008H .xdata$_ZNK6System14AnsiStringBaseixEi DATA
 0002:0000e20c 00000020H .xdata$_ZN6System8Sysutils9EIntErrorC3ENS_13UnicodeStringE DATA
 0002:0000e22c 00000020H .xdata$_ZN6System8Sysutils9EExternalC3ENS_13UnicodeStringE DATA
 0002:0000e24c 00000008H .xdata$_ZN6System8Sysutils9EIntErrorD0Ev DATA
 0002:0000e254 00000008H .xdata$_ZN6System8Sysutils9EExternalD0Ev DATA
 0002:0000e25c 0000015cH .xdata                  DATA
 0002:0000e3b8 00000020H .xdata$_ZN6System15DelphiInterfaceINS_10IInterfaceEED2Ev DATA
 0002:0000e3d8 00000020H .xdata$_ZNSt3__113unordered_mapIPN6System7Typinfo9TTypeInfoEPSt9type_infoNS_4hashIS4_EENS_8equal_toIS4_EENS_9allocatorINS_4pairIKS4_S6_EEEEEC2B6v15007Ev DATA
 0002:0000e3f8 00000018H .xdata$_ZNK6System11AnsiStringTILt65001EEplERKS1_ DATA
 0002:0000e410 00000020H .xdata$_ZNSt3__112__hash_tableINS_17__hash_value_typeIPN6System7Typinfo9TTypeInfoEPSt9type_infoEENS_22__unordered_map_hasherIS5_S8_NS_4hashIS5_EENS_8equal_toIS5_EELb1EEENS_21__unordered_map_equalIS5_S8_SD_SB_Lb1EEENS_9allocatorIS8_EEEC2Ev DATA
 0002:0000e430 00000020H .xdata$_ZNSt3__110unique_ptrIA_PNS_16__hash_node_baseIPNS_11__hash_nodeINS_17__hash_value_typeIPN6System7Typinfo9TTypeInfoEPSt9type_infoEEPvEEEENS_25__bucket_list_deallocatorINS_9allocatorISF_EEEEEC2B6v15007ILb1EvEEv DATA
 0002:0000e450 00000020H .xdata$_ZNSt3__125__bucket_list_deallocatorINS_9allocatorIPNS_16__hash_node_baseIPNS_11__hash_nodeINS_17__hash_value_typeIPN6System7Typinfo9TTypeInfoEPSt9type_infoEEPvEEEEEEEC2B6v15007Ev DATA
 0002:0000e470 00000020H .xdata$_ZNSt3__112__hash_tableINS_17__hash_value_typeIPN6System7Typinfo9TTypeInfoEPSt9type_infoEENS_22__unordered_map_hasherIS5_S8_NS_4hashIS5_EENS_8equal_toIS5_EELb1EEENS_21__unordered_map_equalIS5_S8_SD_SB_Lb1EEENS_9allocatorIS8_EEED2Ev DATA
 0002:0000e490 00000020H .xdata$_ZNSt3__112__hash_tableINS_17__hash_value_typeIPN6System7Typinfo9TTypeInfoEPSt9type_infoEENS_22__unordered_map_hasherIS5_S8_NS_4hashIS5_EENS_8equal_toIS5_EELb1EEENS_21__unordered_map_equalIS5_S8_SD_SB_Lb1EEENS_9allocatorIS8_EEE17__deallocate_nodeEPNS_16__hash_node_baseIPNS_11__hash_nodeIS8_PvEEEE DATA
 0002:0000e4b0 00000020H .xdata$_ZNSt3__19allocatorINS_11__hash_nodeINS_17__hash_value_typeIPN6System7Typinfo9TTypeInfoEPSt9type_infoEEPvEEE10deallocateB6v15007EPSB_y DATA
 0002:0000e4d0 00000020H .xdata$_ZNSt3__19allocatorIPNS_16__hash_node_baseIPNS_11__hash_nodeINS_17__hash_value_typeIPN6System7Typinfo9TTypeInfoEPSt9type_infoEEPvEEEEE10deallocateB6v15007EPSF_y DATA
 0002:0000e4f0 00000024H .xdata$_ZNSt3__112__hash_tableINS_17__hash_value_typeIPN6System7Typinfo9TTypeInfoEPSt9type_infoEENS_22__unordered_map_hasherIS5_S8_NS_4hashIS5_EENS_8equal_toIS5_EELb1EEENS_21__unordered_map_equalIS5_S8_SD_SB_Lb1EEENS_9allocatorIS8_EEE25__emplace_unique_key_argsIS5_JRKNS_21piecewise_construct_tENS_5tupleIJRKS5_EEENSO_IJEEEEEENS_4pairINS_15__hash_iteratorIPNS_11__hash_nodeIS8_PvEEEEbEERKT_DpOT0_ DATA
 0002:0000e514 00000024H .xdata$_ZNSt3__112__hash_tableINS_17__hash_value_typeIPN6System7Typinfo9TTypeInfoEPSt9type_infoEENS_22__unordered_map_hasherIS5_S8_NS_4hashIS5_EENS_8equal_toIS5_EELb1EEENS_21__unordered_map_equalIS5_S8_SD_SB_Lb1EEENS_9allocatorIS8_EEE21__construct_node_hashIRKNS_21piecewise_construct_tEJNS_5tupleIJRKS5_EEENSO_IJEEEEEENS_10unique_ptrINS_11__hash_nodeIS8_PvEENS_22__hash_node_destructorINSH_ISW_EEEEEEyOT_DpOT0_ DATA
 0002:0000e538 00000020H .xdata$_ZNKSt3__14hashIPN6System7Typinfo9TTypeInfoEEclB6v15007ES4_ DATA
 0002:0000e558 00000020H .xdata$_ZNSt3__110unique_ptrINS_11__hash_nodeINS_17__hash_value_typeIPN6System7Typinfo9TTypeInfoEPSt9type_infoEEPvEENS_22__hash_node_destructorINS_9allocatorISB_EEEEEC2B6v15007ILb1EvEEPSB_NS_16__dependent_typeINS_27__unique_ptr_deleter_sfinaeISF_EEXT_EE20__good_rval_ref_typeE DATA
 0002:0000e578 00000020H .xdata$_ZNSt3__14pairIKPN6System7Typinfo9TTypeInfoEPSt9type_infoEC2B6v15007IJRS5_EJEEENS_21piecewise_construct_tENS_5tupleIJDpT_EEENSC_IJDpT0_EEE DATA
 0002:0000e598 00000020H .xdata$_ZNSt3__122__hash_node_destructorINS_9allocatorINS_11__hash_nodeINS_17__hash_value_typeIPN6System7Typinfo9TTypeInfoEPSt9type_infoEEPvEEEEEclB6v15007EPSC_ DATA
 0002:0000e5b8 00000008H .xdata$_ZN6System15DelphiInterfaceINS_10IInterfaceEEadEv DATA
 0002:0000e5c0 00000020H .xdata$_ZN6System15DelphiInterfaceINS_10IInterfaceEED2Ev DATA
 0002:0000e5e0 00000008H .xdata$_ZNSt3__110lock_guardINS_5mutexEEC2B6v15007ERS1_ DATA
 0002:0000e5e8 00000020H .xdata$_ZNSt3__113unordered_mapIPN6System7Typinfo9TTypeInfoEPSt9type_infoNS_4hashIS4_EENS_8equal_toIS4_EENS_9allocatorINS_4pairIKS4_S6_EEEEEC2B6v15007Ev DATA
 0002:0000e608 00000008H .xdata$_ZNSt3__113unordered_mapIPN6System7Typinfo9TTypeInfoEPSt9type_infoNS_4hashIS4_EENS_8equal_toIS4_EENS_9allocatorINS_4pairIKS4_S6_EEEEED2B6v15007Ev DATA
 0002:0000e610 00000008H .xdata$_ZNSt3__113unordered_mapIPN6System7Typinfo9TTypeInfoEPSt9type_infoNS_4hashIS4_EENS_8equal_toIS4_EENS_9allocatorINS_4pairIKS4_S6_EEEEEixERSD_ DATA
 0002:0000e618 00000008H .xdata$_ZN6System11AnsiStringTILt65001EEC2ERKNS_13UnicodeStringE DATA
 0002:0000e620 00000018H .xdata$_ZNK6System11AnsiStringTILt65001EEplERKS1_ DATA
 0002:0000e638 00000008H .xdata$_ZN6System11AnsiStringTILt65001EEC2EPKc DATA
 0002:0000e640 00000008H .xdata$_ZN6System11AnsiStringTILt65001EEC2Ev DATA
 0002:0000e648 00000008H .xdata$_ZN6System11AnsiStringTILt65001EEaSERKS1_ DATA
 0002:0000e650 00000008H .xdata$_ZN6System11AnsiStringTILt65001EED2Ev DATA
 0002:0000e658 00000008H .xdata$_ZN10__cxxabiv117__class_type_infoC2Ev DATA
 0002:0000e660 00000008H .xdata$_ZNK6System11AnsiStringTILt65001EE5c_strEv DATA
 0002:0000e668 00000008H .xdata$_ZNSt3__110lock_guardINS_5mutexEED2B6v15007Ev DATA
 0002:0000e670 00000008H .xdata$_ZN10__cxxabiv116__shim_type_infoC2Ev DATA
 0002:0000e678 00000020H .xdata$_ZNSt3__112__hash_tableINS_17__hash_value_typeIPN6System7Typinfo9TTypeInfoEPSt9type_infoEENS_22__unordered_map_hasherIS5_S8_NS_4hashIS5_EENS_8equal_toIS5_EELb1EEENS_21__unordered_map_equalIS5_S8_SD_SB_Lb1EEENS_9allocatorIS8_EEEC2Ev DATA
 0002:0000e698 00000008H .xdata$_ZNSt3__119__debug_db_insert_cB6v15007INS_13unordered_mapIPN6System7Typinfo9TTypeInfoEPSt9type_infoNS_4hashIS5_EENS_8equal_toIS5_EENS_9allocatorINS_4pairIKS5_S7_EEEEEEEEvPT_ DATA
 0002:0000e6a0 00000020H .xdata$_ZNSt3__110unique_ptrIA_PNS_16__hash_node_baseIPNS_11__hash_nodeINS_17__hash_value_typeIPN6System7Typinfo9TTypeInfoEPSt9type_infoEEPvEEEENS_25__bucket_list_deallocatorINS_9allocatorISF_EEEEEC2B6v15007ILb1EvEEv DATA
 0002:0000e6c0 00000008H .xdata$_ZNSt3__117__compressed_pairINS_16__hash_node_baseIPNS_11__hash_nodeINS_17__hash_value_typeIPN6System7Typinfo9TTypeInfoEPSt9type_infoEEPvEEEENS_9allocatorISC_EEEC2B6v15007ILb1EvEEv DATA
 0002:0000e6c8 00000008H .xdata$_ZNSt3__117__compressed_pairIyNS_22__unordered_map_hasherIPN6System7Typinfo9TTypeInfoENS_17__hash_value_typeIS5_PSt9type_infoEENS_4hashIS5_EENS_8equal_toIS5_EELb1EEEEC2B6v15007IiNS_18__default_init_tagEEEOT_OT0_ DATA
 0002:0000e6d0 00000008H .xdata$_ZNSt3__117__compressed_pairIfNS_21__unordered_map_equalIPN6System7Typinfo9TTypeInfoENS_17__hash_value_typeIS5_PSt9type_infoEENS_8equal_toIS5_EENS_4hashIS5_EELb1EEEEC2B6v15007IfNS_18__default_init_tagEEEOT_OT0_ DATA
 0002:0000e6d8 00000008H .xdata$_ZNSt3__117__compressed_pairIPPNS_16__hash_node_baseIPNS_11__hash_nodeINS_17__hash_value_typeIPN6System7Typinfo9TTypeInfoEPSt9type_infoEEPvEEEENS_25__bucket_list_deallocatorINS_9allocatorISF_EEEEEC2B6v15007INS_16__value_init_tagESN_EEOT_OT0_ DATA
 0002:0000e6e0 00000008H .xdata$_ZNSt3__122__compressed_pair_elemIPPNS_16__hash_node_baseIPNS_11__hash_nodeINS_17__hash_value_typeIPN6System7Typinfo9TTypeInfoEPSt9type_infoEEPvEEEELi0ELb0EEC2B6v15007ENS_16__value_init_tagE DATA
 0002:0000e6e8 00000008H .xdata$_ZNSt3__122__compressed_pair_elemINS_25__bucket_list_deallocatorINS_9allocatorIPNS_16__hash_node_baseIPNS_11__hash_nodeINS_17__hash_value_typeIPN6System7Typinfo9TTypeInfoEPSt9type_infoEEPvEEEEEEEELi1ELb0EEC2B6v15007ENS_16__value_init_tagE DATA
 0002:0000e6f0 00000020H .xdata$_ZNSt3__125__bucket_list_deallocatorINS_9allocatorIPNS_16__hash_node_baseIPNS_11__hash_nodeINS_17__hash_value_typeIPN6System7Typinfo9TTypeInfoEPSt9type_infoEEPvEEEEEEEC2B6v15007Ev DATA
 0002:0000e710 00000008H .xdata$_ZNSt3__117__compressed_pairIyNS_9allocatorIPNS_16__hash_node_baseIPNS_11__hash_nodeINS_17__hash_value_typeIPN6System7Typinfo9TTypeInfoEPSt9type_infoEEPvEEEEEEEC2B6v15007IiNS_18__default_init_tagEEEOT_OT0_ DATA
 0002:0000e718 00000008H .xdata$_ZNSt3__122__compressed_pair_elemIyLi0ELb0EEC2B6v15007IivEEOT_ DATA
 0002:0000e720 00000008H .xdata$_ZNSt3__122__compressed_pair_elemINS_9allocatorIPNS_16__hash_node_baseIPNS_11__hash_nodeINS_17__hash_value_typeIPN6System7Typinfo9TTypeInfoEPSt9type_infoEEPvEEEEEELi1ELb1EEC2B6v15007ENS_18__default_init_tagE DATA
 0002:0000e728 00000008H .xdata$_ZNSt3__19allocatorIPNS_16__hash_node_baseIPNS_11__hash_nodeINS_17__hash_value_typeIPN6System7Typinfo9TTypeInfoEPSt9type_infoEEPvEEEEEC2B6v15007Ev DATA
 0002:0000e730 00000008H .xdata$_ZNSt3__116__non_trivial_ifILb1ENS_9allocatorIPNS_16__hash_node_baseIPNS_11__hash_nodeINS_17__hash_value_typeIPN6System7Typinfo9TTypeInfoEPSt9type_infoEEPvEEEEEEEC2B6v15007Ev DATA
 0002:0000e738 00000008H .xdata$_ZNSt3__122__compressed_pair_elemINS_16__hash_node_baseIPNS_11__hash_nodeINS_17__hash_value_typeIPN6System7Typinfo9TTypeInfoEPSt9type_infoEEPvEEEELi0ELb0EEC2B6v15007ENS_16__value_init_tagE DATA
 0002:0000e740 00000008H .xdata$_ZNSt3__122__compressed_pair_elemINS_9allocatorINS_11__hash_nodeINS_17__hash_value_typeIPN6System7Typinfo9TTypeInfoEPSt9type_infoEEPvEEEELi1ELb1EEC2B6v15007ENS_16__value_init_tagE DATA
 0002:0000e748 00000008H .xdata$_ZNSt3__116__hash_node_baseIPNS_11__hash_nodeINS_17__hash_value_typeIPN6System7Typinfo9TTypeInfoEPSt9type_infoEEPvEEEC2B6v15007Ev DATA
 0002:0000e750 00000008H .xdata$_ZNSt3__19allocatorINS_11__hash_nodeINS_17__hash_value_typeIPN6System7Typinfo9TTypeInfoEPSt9type_infoEEPvEEEC2B6v15007Ev DATA
 0002:0000e758 00000008H .xdata$_ZNSt3__116__non_trivial_ifILb1ENS_9allocatorINS_11__hash_nodeINS_17__hash_value_typeIPN6System7Typinfo9TTypeInfoEPSt9type_infoEEPvEEEEEC2B6v15007Ev DATA
 0002:0000e760 00000008H .xdata$_ZNSt3__122__compressed_pair_elemINS_22__unordered_map_hasherIPN6System7Typinfo9TTypeInfoENS_17__hash_value_typeIS5_PSt9type_infoEENS_4hashIS5_EENS_8equal_toIS5_EELb1EEELi1ELb1EEC2B6v15007ENS_18__default_init_tagE DATA
 0002:0000e768 00000008H .xdata$_ZNSt3__122__unordered_map_hasherIPN6System7Typinfo9TTypeInfoENS_17__hash_value_typeIS4_PSt9type_infoEENS_4hashIS4_EENS_8equal_toIS4_EELb1EEC2B6v15007Ev DATA
 0002:0000e770 00000008H .xdata$_ZNSt3__122__compressed_pair_elemIfLi0ELb0EEC2B6v15007IfvEEOT_ DATA
 0002:0000e778 00000008H .xdata$_ZNSt3__122__compressed_pair_elemINS_21__unordered_map_equalIPN6System7Typinfo9TTypeInfoENS_17__hash_value_typeIS5_PSt9type_infoEENS_8equal_toIS5_EENS_4hashIS5_EELb1EEELi1ELb1EEC2B6v15007ENS_18__default_init_tagE DATA
 0002:0000e780 00000008H .xdata$_ZNSt3__121__unordered_map_equalIPN6System7Typinfo9TTypeInfoENS_17__hash_value_typeIS4_PSt9type_infoEENS_8equal_toIS4_EENS_4hashIS4_EELb1EEC2B6v15007Ev DATA
 0002:0000e788 00000020H .xdata$_ZNSt3__112__hash_tableINS_17__hash_value_typeIPN6System7Typinfo9TTypeInfoEPSt9type_infoEENS_22__unordered_map_hasherIS5_S8_NS_4hashIS5_EENS_8equal_toIS5_EELb1EEENS_21__unordered_map_equalIS5_S8_SD_SB_Lb1EEENS_9allocatorIS8_EEED2Ev DATA
 0002:0000e7a8 00000020H .xdata$_ZNSt3__112__hash_tableINS_17__hash_value_typeIPN6System7Typinfo9TTypeInfoEPSt9type_infoEENS_22__unordered_map_hasherIS5_S8_NS_4hashIS5_EENS_8equal_toIS5_EELb1EEENS_21__unordered_map_equalIS5_S8_SD_SB_Lb1EEENS_9allocatorIS8_EEE17__deallocate_nodeEPNS_16__hash_node_baseIPNS_11__hash_nodeIS8_PvEEEE DATA
 0002:0000e7c8 00000008H .xdata$_ZNSt3__117__compressed_pairINS_16__hash_node_baseIPNS_11__hash_nodeINS_17__hash_value_typeIPN6System7Typinfo9TTypeInfoEPSt9type_infoEEPvEEEENS_9allocatorISC_EEE5firstB6v15007Ev DATA
 0002:0000e7d0 00000008H .xdata$_ZNSt3__118__debug_db_erase_cB6v15007INS_12__hash_tableINS_17__hash_value_typeIPN6System7Typinfo9TTypeInfoEPSt9type_infoEENS_22__unordered_map_hasherIS6_S9_NS_4hashIS6_EENS_8equal_toIS6_EELb1EEENS_21__unordered_map_equalIS6_S9_SE_SC_Lb1EEENS_9allocatorIS9_EEEEEEvPT_ DATA
 0002:0000e7d8 00000008H .xdata$_ZNSt3__110unique_ptrIA_PNS_16__hash_node_baseIPNS_11__hash_nodeINS_17__hash_value_typeIPN6System7Typinfo9TTypeInfoEPSt9type_infoEEPvEEEENS_25__bucket_list_deallocatorINS_9allocatorISF_EEEEED2B6v15007Ev DATA
 0002:0000e7e0 00000008H .xdata$_ZNSt3__112__hash_tableINS_17__hash_value_typeIPN6System7Typinfo9TTypeInfoEPSt9type_infoEENS_22__unordered_map_hasherIS5_S8_NS_4hashIS5_EENS_8equal_toIS5_EELb1EEENS_21__unordered_map_equalIS5_S8_SD_SB_Lb1EEENS_9allocatorIS8_EEE12__node_allocB6v15007Ev DATA
 0002:0000e7e8 00000008H .xdata$_ZNSt3__116__hash_node_baseIPNS_11__hash_nodeINS_17__hash_value_typeIPN6System7Typinfo9TTypeInfoEPSt9type_infoEEPvEEE8__upcastB6v15007Ev DATA
 0002:0000e7f0 00000008H .xdata$_ZNSt3__116allocator_traitsINS_9allocatorINS_11__hash_nodeINS_17__hash_value_typeIPN6System7Typinfo9TTypeInfoEPSt9type_infoEEPvEEEEE7destroyB6v15007INS_4pairIKS7_S9_EEvvEEvRSD_PT_ DATA
 0002:0000e7f8 00000008H .xdata$_ZNSt3__122__hash_key_value_typesINS_17__hash_value_typeIPN6System7Typinfo9TTypeInfoEPSt9type_infoEEE9__get_ptrB6v15007ERS8_ DATA
 0002:0000e800 00000008H .xdata$_ZNSt3__116allocator_traitsINS_9allocatorINS_11__hash_nodeINS_17__hash_value_typeIPN6System7Typinfo9TTypeInfoEPSt9type_infoEEPvEEEEE10deallocateB6v15007ERSD_PSC_y DATA
 0002:0000e808 00000008H .xdata$_ZNSt3__117__compressed_pairINS_16__hash_node_baseIPNS_11__hash_nodeINS_17__hash_value_typeIPN6System7Typinfo9TTypeInfoEPSt9type_infoEEPvEEEENS_9allocatorISC_EEE6secondB6v15007Ev DATA
 0002:0000e810 00000008H .xdata$_ZNSt3__122__compressed_pair_elemINS_9allocatorINS_11__hash_nodeINS_17__hash_value_typeIPN6System7Typinfo9TTypeInfoEPSt9type_infoEEPvEEEELi1ELb1EE5__getB6v15007Ev DATA
 0002:0000e818 00000008H .xdata$_ZNSt3__114pointer_traitsIPNS_16__hash_node_baseIPNS_11__hash_nodeINS_17__hash_value_typeIPN6System7Typinfo9TTypeInfoEPSt9type_infoEEPvEEEEE10pointer_toB6v15007ERSE_ DATA
 0002:0000e820 00000008H .xdata$_ZNSt3__117__hash_value_typeIPN6System7Typinfo9TTypeInfoEPSt9type_infoE11__get_valueB6v15007Ev DATA
 0002:0000e828 00000008H .xdata$_ZNSt3__17launderB6v15007INS_4pairIKPN6System7Typinfo9TTypeInfoEPSt9type_infoEEEEPT_SB_ DATA
 0002:0000e830 00000008H .xdata$_ZNSt3__19__launderB6v15007INS_4pairIKPN6System7Typinfo9TTypeInfoEPSt9type_infoEEEEPT_SB_ DATA
 0002:0000e838 00000020H .xdata$_ZNSt3__19allocatorINS_11__hash_nodeINS_17__hash_value_typeIPN6System7Typinfo9TTypeInfoEPSt9type_infoEEPvEEE10deallocateB6v15007EPSB_y DATA
 0002:0000e858 00000008H .xdata$_ZNSt3__119__libcpp_deallocateB6v15007EPvyy DATA
 0002:0000e860 00000008H .xdata$_ZNSt3__124__is_overaligned_for_newB6v15007Ey DATA
 0002:0000e868 00000008H .xdata$_ZNSt3__127__do_deallocate_handle_sizeB6v15007IJSt11align_val_tEEEvPvyDpT_ DATA
 0002:0000e870 00000008H .xdata$_ZNSt3__127__do_deallocate_handle_sizeB6v15007IJEEEvPvyDpT_ DATA
 0002:0000e878 00000008H .xdata$_ZNSt3__124__libcpp_operator_deleteB6v15007IJPvSt11align_val_tEEEvDpT_ DATA
 0002:0000e880 00000008H .xdata$_ZNSt3__124__libcpp_operator_deleteB6v15007IJPvEEEvDpT_ DATA
 0002:0000e888 00000008H .xdata$_ZNSt3__122__compressed_pair_elemINS_16__hash_node_baseIPNS_11__hash_nodeINS_17__hash_value_typeIPN6System7Typinfo9TTypeInfoEPSt9type_infoEEPvEEEELi0ELb0EE5__getB6v15007Ev DATA
[...]
 0002:0000f658       $unwind$_ZN6System8Internal7Initcpp13FinalizeUnitsEPNS1_15TUnitDescriptorES3_ 0000000140025658     rtl:System.Internal.InitCPP.o
 0002:0000f660       $unwind$_ZN6System8Internal7Initcpp15CalculateDegreeEPNS1_20TUnitDescriptorBlockES3_ 0000000140025660     rtl:System.Internal.InitCPP.o
 0002:0000f664       $unwind$_ZN6System8Internal7Initcpp15CalculateDegreeEPPNS1_20TUnitDescriptorBlockES4_ 0000000140025664     rtl:System.Internal.InitCPP.o
 0002:0000f668       $unwind$_ZN6System8Internal7Initcpp16FinalizeUnitListEPPPNS1_15TUnitDescriptorES5_ 0000000140025668     rtl:System.Internal.InitCPP.o
 0002:0000f6a4       $unwind$_ZN6System8Internal7Initcpp18InitializeRootUnitEPNS1_15TUnitDescriptorE 00000001400256a4     rtl:System.Internal.InitCPP.o
 0002:0000f758       $unwind$_ZN6System8Internal7Initcpp16FinalizeRootUnitEPNS1_15TUnitDescriptorE 0000000140025758     rtl:System.Internal.InitCPP.o
 0002:0000f794       $unwind$_ZN6System8Internal7Initcpp12FinalizationEv 0000000140025794     rtl:System.Internal.InitCPP.o
 0002:0000f798       $unwind$_ZN6System8Internal7Initcpp14initializationEv 0000000140025798     rtl:System.Internal.InitCPP.o
 0004:00000000       version_string             0000000140027000     crtbegin.o
 0004:000000e8       _ZN7Sysinit6ModuleE        00000001400270e8     sysinit.o
 0004:00000120       _ZN7Sysinit7TlsProcE       0000000140027120     sysinit.o
 0004:00000140       _ZN7Sysinit21_dtors_delayhlp_65535E 0000000140027140     sysinit.o
 0004:00000160       initial_tznames            0000000140027160     libucrt:lib64_libucrt_extra_a-ucrtbase_compat.o
 0004:00000178       initial_timezone           0000000140027178     libucrt:lib64_libucrt_extra_a-ucrtbase_compat.o
 0004:00000188       initial_daylight           0000000140027188     libucrt:lib64_libucrt_extra_a-ucrtbase_compat.o
 0004:000001c8       initial_tzname0            00000001400271c8     libucrt:lib64_libucrt_extra_a-ucrtbase_compat.o
 0004:000001cc       initial_tzname1            00000001400271cc     libucrt:lib64_libucrt_extra_a-ucrtbase_compat.o
 0004:000001e0       __do_global_dtors.p        00000001400271e0     libmingw32:lib64_libmingw32_a-gccmain.o
 0004:00000200       _ZZN6System19CheckSafecallResultElE13__init_comobj 0000000140027200     rtle:syssupp.o
 0004:0000023c       managedapp                 000000014002723c     crt2u.o
 0004:00000240       startinfo                  0000000140027240     crt2u.o
 0004:00000244       argc                       0000000140027244     crt2u.o
 0004:00000248       argv                       0000000140027248     crt2u.o
 0004:00000250       envp                       0000000140027250     crt2u.o
 0004:00000258       argret                     0000000140027258     crt2u.o
 0004:0000025c       has_cctor                  000000014002725c     crt2u.o
 0004:00000260       mainret                    0000000140027260     crt2u.o
 0004:000002a8       _ZN7Sysinit2_1E            00000001400272a8     sysinit.o
 0004:000002b0       _ZN7Sysinit9tlsBufferE     00000001400272b0     sysinit.o
 0004:000002b8       _ZN7Sysinit9UseTlsAPIE     00000001400272b8     sysinit.o
 0004:000002c0       .bss.delayhlp              00000001400272c0     sysinit.o
 0004:000002c0       ..__puiHead                00000001400272c0     sysinit.o
 0004:000002e8       local__initenv             00000001400272e8     libucrt:lib64_libucrt_extra_a-__initenv.o
 0004:000002f0       local__winitenv            00000001400272f0     libucrt:lib64_libucrt_extra_a-__initenv.o
 0004:000002f8       initialized                00000001400272f8     libmingw32:lib64_libmingw32_a-gccmain.o
 0004:00000330       _pei386_runtime_relocator.was_init 0000000140027330     libmingw32:lib64_libmingw32_a-pseudo-reloc.o
 0004:00000338       the_secs                   0000000140027338     libmingw32:lib64_libmingw32_a-pseudo-reloc.o
 0004:00000340       maxSections                0000000140027340     libmingw32:lib64_libmingw32_a-pseudo-reloc.o
 0004:00000348       stUserMathErr              0000000140027348     libmingw32:lib64_libmingw32_a-usermatherr.o
 0004:00000368       _ZZ18__delphi_type_infoE15type_info_mutex 0000000140027368     rtle:syssupp.o
 0004:00000370       _ZZ18__delphi_type_infoE13type_info_map 0000000140027370     rtle:syssupp.o
 0004:00000398       _ZGVZ18__delphi_type_infoE13type_info_map 0000000140027398     rtle:syssupp.o
 0004:000003a8       __mingwthr_cs_init         00000001400273a8     libmingw32:lib64_libmingw32_a-tlsthrd.o
 0004:000003b0       __mingwthr_cs              00000001400273b0     libmingw32:lib64_libmingw32_a-tlsthrd.o
 0004:000003d8       key_dtor_list              00000001400273d8     libmingw32:lib64_libmingw32_a-tlsthrd.o
 0004:000003e4       _ZN6System8Internal7Strhlpr2_1E 00000001400273e4     rtl:System.Internal.StrHlpr.o
 0004:000003e8       _ZN6System8Internal7Initcpp2_1E 00000001400273e8     rtl:System.Internal.InitCPP.o
 0005:0000006c       $pdata$_ZN7Sysinit19InterlockedExchangeERii 000000014002806c     sysinit.o
 0005:00000078       $pdata$_ZN7Sysinit26InterlockedExchangePointerERPvS0_ 0000000140028078     sysinit.o
 0005:00000084       $pdata$_ZN7Sysinit17SetDliNotifyHook2EPFPv15dliNotificationP13DelayLoadInfoE 0000000140028084     sysinit.o
 0005:00000090       $pdata$_ZN7Sysinit14DliNotifyHook2Ev 0000000140028090     sysinit.o
 0005:0000009c       $pdata$_ZN7Sysinit18SetDliFailureHook2EPFPv15dliNotificationP13DelayLoadInfoE 000000014002809c     sysinit.o
 0005:000000a8       $pdata$_ZN7Sysinit15DliFailureHook2Ev 00000001400280a8     sysinit.o
 0005:000000b4       $pdata$_ZN7Sysinit17_DelayLoadHelper2ERPvS0_ 00000001400280b4     sysinit.o
 0005:000000c0       $pdata$_ZN7Sysinit21UnloadDelayLoadedDLL2EPc 00000001400280c0     sysinit.o
 0005:000000cc       $pdata$_ZN7Sysinit20LoadAllImportsForDllEPc 00000001400280cc     sysinit.o
 0005:000000d8       $pdata$_ZN7Sysinit14AllocTlsBufferEi 00000001400280d8     sysinit.o
 0005:000000e4       $pdata$_ZN7Sysinit10GetTlsSizeEv 00000001400280e4     sysinit.o
 0005:000000f0       $pdata$_ZN7Sysinit13InitThreadTLSEv 00000001400280f0     sysinit.o
 0005:000000fc       $pdata$_ZN7Sysinit14InitProcessTLSEv 00000001400280fc     sysinit.o
 0005:00000108       $pdata$_ZN7Sysinit13ExitThreadTLSEv 0000000140028108     sysinit.o
 0005:00000114       $pdata$_ZN7Sysinit14ExitProcessTLSEv 0000000140028114     sysinit.o
 0005:00000120       $pdata$_ZN7Sysinit6isWineEv 0000000140028120     sysinit.o
 0005:0000012c       $pdata$_ZN7Sysinit7_GetTlsEv 000000014002812c     sysinit.o
 0005:00000138       $pdata$_ZN7Sysinit16InitializeModuleEv 0000000140028138     sysinit.o
 0005:00000144       $pdata$_ZN7Sysinit18UninitializeModuleEv 0000000140028144     sysinit.o
 0005:00000150       $pdata$_ZN7Sysinit7VclInitEbbyb 0000000140028150     sysinit.o
 0005:0000015c       $pdata$_ZN7Sysinit7VclExitEv 000000014002815c     sysinit.o
 0005:00000168       $pdata$_ZN7Sysinit14__dbkDummyProcEv 0000000140028168     sysinit.o
 0005:00000174       $pdata$_ZN7Sysinit14__dbkFCallArgsEPvS0_S0_S0_S0_S0_S0_S0_S0_S0_S0_S0_S0_S0_S0_S0_S0_S0_S0_S0_S0_S0_S0_S0_S0_S0_S0_S0_S0_S0_ 0000000140028174     sysinit.o
 0005:00000180       $pdata$_ZN7Sysinit19__dbk_fcall_wrapperEv 0000000140028180     sysinit.o
 0005:00000198       $pdata$_ZN7Sysinit8_InitPkgEyiPv 0000000140028198     sysinit.o
 0005:000001a4       $pdata$_ZN7Sysinit12_PackageLoadEPN6System16PackageInfoTableE 00000001400281a4     sysinit.o
 0005:000001b0       $pdata$_ZN7Sysinit14_PackageUnloadEPN6System16PackageInfoTableE 00000001400281b0     sysinit.o
 0005:000001bc       $pdata$_ZN7Sysinit8_InitLibEPN6System12TInitContextEPNS0_16PackageInfoTableEyjPv 00000001400281bc     sysinit.o
 0005:000001c8       $pdata$_ZN7Sysinit8_InitExeEPv 00000001400281c8     sysinit.o
 0005:000001d4       $pdata$delayhlp            00000001400281d4     sysinit.o
 0005:00000204       $pdata$_ZN7Sysinit12FinalizationEv 0000000140028204     sysinit.o
 0005:00000210       $pdata$_ZN7Sysinit14initializationEv 0000000140028210     sysinit.o
 0005:00001d28       $pdata$_ZN6System8Internal7Strhlpr15UnicodeFromAnsiERNS_13UnicodeStringERNS_11AnsiStringTILt65535EEE 0000000140029d28     rtl:System.Internal.StrHlpr.o
 0005:00001d34       $pdata$_ZN6System8Internal7Strhlpr16UnicodeFromPCharERNS_13UnicodeStringEPcb 0000000140029d34     rtl:System.Internal.StrHlpr.o
 0005:00001d4c       $pdata$_ZN6System8Internal7Strhlpr15UnicodeFromUTF8ERNS_13UnicodeStringEPKc 0000000140029d4c     rtl:System.Internal.StrHlpr.o
 0005:00001d58       $pdata$_ZN6System8Internal7Strhlpr20UnicodeFromPWideCharERNS_13UnicodeStringEPw 0000000140029d58     rtl:System.Internal.StrHlpr.o
 0005:00001d64       $pdata$_ZN6System8Internal7Strhlpr13UnicodeAppendERNS_13UnicodeStringES3_ 0000000140029d64     rtl:System.Internal.StrHlpr.o
 0005:00001d70       $pdata$_ZN6System8Internal7Strhlpr10UnicodeCatERNS_13UnicodeStringES3_ 0000000140029d70     rtl:System.Internal.StrHlpr.o
 0005:00001d7c       $pdata$_ZN6System8Internal7Strhlpr13UnicodeDeleteERNS_13UnicodeStringEii 0000000140029d7c     rtl:System.Internal.StrHlpr.o
 0005:00001d88       $pdata$_ZN6System8Internal7Strhlpr16UnicodeSetLengthERNS_13UnicodeStringEi 0000000140029d88     rtl:System.Internal.StrHlpr.o
 0005:00001d94       $pdata$_ZN6System8Internal7Strhlpr10UnicodePosERNS_13UnicodeStringES3_ 0000000140029d94     rtl:System.Internal.StrHlpr.o
 0005:00001da0       $pdata$_ZN6System8Internal7Strhlpr11UnicodeCopyERNS_13UnicodeStringEii 0000000140029da0     rtl:System.Internal.StrHlpr.o
 0005:00001dac       $pdata$_ZN6System8Internal7Strhlpr13UnicodeInsertERNS_13UnicodeStringES3_i 0000000140029dac     rtl:System.Internal.StrHlpr.o
 0005:00001db8       $pdata$_ZN6System8Internal7Strhlpr13UnicodeAssignERNS_13UnicodeStringES3_ 0000000140029db8     rtl:System.Internal.StrHlpr.o
 0005:00001dc4       $pdata$_ZN6System8Internal7Strhlpr11UnicodeFreeERNS_13UnicodeStringE 0000000140029dc4     rtl:System.Internal.StrHlpr.o
 0005:00001dd0       $pdata$_ZN6System8Internal7Strhlpr12UnicodeEqualERNS_13UnicodeStringES3_ 0000000140029dd0     rtl:System.Internal.StrHlpr.o
 0005:00001ddc       $pdata$_ZN6System8Internal7Strhlpr11UnicodeLessERNS_13UnicodeStringES3_ 0000000140029ddc     rtl:System.Internal.StrHlpr.o
 0005:00001de8       $pdata$_ZN6System8Internal7Strhlpr14UnicodeGreaterERNS_13UnicodeStringES3_ 0000000140029de8     rtl:System.Internal.StrHlpr.o
 0005:00001df4       $pdata$_ZN6System8Internal7Strhlpr10AnsiAppendERNS_11AnsiStringTILt65535EEES4_ 0000000140029df4     rtl:System.Internal.StrHlpr.o
 0005:00001e00       $pdata$_ZN6System8Internal7Strhlpr7AnsiCatERNS_11AnsiStringTILt65535EEES4_ 0000000140029e00     rtl:System.Internal.StrHlpr.o
 0005:00001e0c       $pdata$_ZN6System8Internal7Strhlpr10AnsiDeleteERNS_11AnsiStringTILt65535EEEii 0000000140029e0c     rtl:System.Internal.StrHlpr.o
 0005:00001e18       $pdata$_ZN6System8Internal7Strhlpr13AnsiSetLengthERNS_11AnsiStringTILt65535EEEi 0000000140029e18     rtl:System.Internal.StrHlpr.o
 0005:00001e24       $pdata$_ZN6System8Internal7Strhlpr7AnsiPosERNS_11AnsiStringTILt65535EEES4_ 0000000140029e24     rtl:System.Internal.StrHlpr.o
 0005:00001e30       $pdata$_ZN6System8Internal7Strhlpr8AnsiCopyERNS_11AnsiStringTILt65535EEEii 0000000140029e30     rtl:System.Internal.StrHlpr.o
 0005:00001e3c       $pdata$_ZN6System8Internal7Strhlpr10AnsiInsertERNS_11AnsiStringTILt65535EEES4_i 0000000140029e3c     rtl:System.Internal.StrHlpr.o
 0005:00001e48       $pdata$_ZN6System8Internal7Strhlpr9AnsiEqualERNS_11AnsiStringTILt65535EEES4_ 0000000140029e48     rtl:System.Internal.StrHlpr.o
 0005:00001e54       $pdata$_ZN6System8Internal7Strhlpr11AnsiGreaterERNS_11AnsiStringTILt65535EEES4_ 0000000140029e54     rtl:System.Internal.StrHlpr.o
 0005:00001e60       $pdata$_ZN6System8Internal7Strhlpr8AnsiLessERNS_11AnsiStringTILt65535EEES4_ 0000000140029e60     rtl:System.Internal.StrHlpr.o
 0005:00001e6c       $pdata$_ZN6System8Internal7Strhlpr10AnsiAssignERNS_11AnsiStringTILt65535EEES4_ 0000000140029e6c     rtl:System.Internal.StrHlpr.o
 0005:00001e78       $pdata$_ZN6System8Internal7Strhlpr8AnsiFreeERNS_11AnsiStringTILt65535EEE 0000000140029e78     rtl:System.Internal.StrHlpr.o
 0005:00001e84       $pdata$_ZN6System8Internal7Strhlpr10WideAssignERNS_10WideStringES3_ 0000000140029e84     rtl:System.Internal.StrHlpr.o
 0005:00001e90       $pdata$_ZN6System8Internal7Strhlpr8WideFreeERNS_10WideStringE 0000000140029e90     rtl:System.Internal.StrHlpr.o
 0005:00001e9c       $pdata$_ZN6System8Internal7Strhlpr12WideFromAnsiERNS_10WideStringERNS_11AnsiStringTILt65535EEE 0000000140029e9c     rtl:System.Internal.StrHlpr.o
 0005:00001ea8       $pdata$_ZN6System8Internal7Strhlpr15WideFromUnicodeERNS_10WideStringERNS_13UnicodeStringE 0000000140029ea8     rtl:System.Internal.StrHlpr.o
 0005:00001eb4       $pdata$_ZN6System8Internal7Strhlpr13WideFromPCharERNS_10WideStringEPcb 0000000140029eb4     rtl:System.Internal.StrHlpr.o
 0005:00001ecc       $pdata$_ZN6System8Internal7Strhlpr9WideEqualERNS_10WideStringES3_ 0000000140029ecc     rtl:System.Internal.StrHlpr.o
 0005:00001ed8       $pdata$_ZN6System8Internal7Strhlpr8WideLessERNS_10WideStringES3_ 0000000140029ed8     rtl:System.Internal.StrHlpr.o
 0005:00001ee4       $pdata$_ZN6System8Internal7Strhlpr11WideGreaterERNS_10WideStringES3_ 0000000140029ee4     rtl:System.Internal.StrHlpr.o
 0005:00001ef0       $pdata$_ZN6System8Internal7Strhlpr7WideCatERNS_10WideStringES3_ 0000000140029ef0     rtl:System.Internal.StrHlpr.o
 0005:00001efc       $pdata$_ZN6System8Internal7Strhlpr10WideLengthERNS_10WideStringE 0000000140029efc     rtl:System.Internal.StrHlpr.o
 0005:00001f08       $pdata$_ZN6System8Internal7Strhlpr7WidePosERNS_10WideStringES3_ 0000000140029f08     rtl:System.Internal.StrHlpr.o
 0005:00001f14       $pdata$_ZN6System8Internal7Strhlpr13WideSetLengthERNS_10WideStringEi 0000000140029f14     rtl:System.Internal.StrHlpr.o
 0005:00001f20       $pdata$_ZN6System8Internal7Strhlpr10WideDeleteERNS_10WideStringEii 0000000140029f20     rtl:System.Internal.StrHlpr.o
 0005:00001f2c       $pdata$_ZN6System8Internal7Strhlpr10WideInsertERNS_10WideStringES3_i 0000000140029f2c     rtl:System.Internal.StrHlpr.o
 0005:00001f38       $pdata$_ZN6System8Internal7Strhlpr8WideCopyERNS_10WideStringEii 0000000140029f38     rtl:System.Internal.StrHlpr.o
 0005:00001f44       $pdata$_ZN6System8Internal7Strhlpr10WideAppendERNS_10WideStringES3_ 0000000140029f44     rtl:System.Internal.StrHlpr.o
 0005:00001f50       $pdata$_ZN6System8Internal7Strhlpr12WideFromUTF8ERNS_10WideStringEPKc 0000000140029f50     rtl:System.Internal.StrHlpr.o
 0005:00001f68       $pdata$_ZN6System8Internal7Strhlpr15UnicodeFromWideERNS_13UnicodeStringERNS_10WideStringE 0000000140029f68     rtl:System.Internal.StrHlpr.o
 0005:00001f74       $pdata$_ZN6System8Internal7Strhlpr12FinalizationEv 0000000140029f74     rtl:System.Internal.StrHlpr.o
 0005:00001f80       $pdata$_ZN6System8Internal7Strhlpr14initializationEv 0000000140029f80     rtl:System.Internal.StrHlpr.o
 0005:00001fe0       $pdata$_ZN6System8Internal7Initcpp23SelectForInitializationEPNS1_20TUnitDescriptorBlockES3_ 0000000140029fe0     rtl:System.Internal.InitCPP.o
 0005:00001fec       $pdata$_ZN6System8Internal7Initcpp23SelectForInitializationEPPNS1_20TUnitDescriptorBlockES4_ 0000000140029fec     rtl:System.Internal.InitCPP.o
 0005:00001ff8       $pdata$_ZN6System8Internal7Initcpp15InitializeUnitsEPNS1_20TUnitDescriptorBlockES3_ 0000000140029ff8     rtl:System.Internal.InitCPP.o
 0005:00002004       $pdata$_ZN6System8Internal7Initcpp13FinalizeUnitsEPNS1_20TUnitDescriptorBlockES3_ 000000014002a004     rtl:System.Internal.InitCPP.o
 0005:00002010       $pdata$_ZN6System8Internal7Initcpp15InitializeUnitsEPPNS1_20TUnitDescriptorBlockES4_ 000000014002a010     rtl:System.Internal.InitCPP.o
 0005:0000201c       $pdata$_ZN6System8Internal7Initcpp13FinalizeUnitsEPPNS1_20TUnitDescriptorBlockES4_ 000000014002a01c     rtl:System.Internal.InitCPP.o
 0005:00002028       $pdata$_ZN6System8Internal7Initcpp15InitializeUnitsEPNS1_15TUnitDescriptorES3_ 000000014002a028     rtl:System.Internal.InitCPP.o
 0005:00002034       $pdata$_ZN6System8Internal7Initcpp13FinalizeUnitsEPNS1_15TUnitDescriptorES3_ 000000014002a034     rtl:System.Internal.InitCPP.o
 0005:00002040       $pdata$_ZN6System8Internal7Initcpp15CalculateDegreeEPNS1_20TUnitDescriptorBlockES3_ 000000014002a040     rtl:System.Internal.InitCPP.o
 0005:0000204c       $pdata$_ZN6System8Internal7Initcpp15CalculateDegreeEPPNS1_20TUnitDescriptorBlockES4_ 000000014002a04c     rtl:System.Internal.InitCPP.o
 0005:00002058       $pdata$_ZN6System8Internal7Initcpp16FinalizeUnitListEPPPNS1_15TUnitDescriptorES5_ 000000014002a058     rtl:System.Internal.InitCPP.o
 0005:00002070       $pdata$_ZN6System8Internal7Initcpp18InitializeRootUnitEPNS1_15TUnitDescriptorE 000000014002a070     rtl:System.Internal.InitCPP.o
 0005:000020ac       $pdata$_ZN6System8Internal7Initcpp16FinalizeRootUnitEPNS1_15TUnitDescriptorE 000000014002a0ac     rtl:System.Internal.InitCPP.o
 0005:000020c4       $pdata$_ZN6System8Internal7Initcpp12FinalizationEv 000000014002a0c4     rtl:System.Internal.InitCPP.o
 0005:000020d0       $pdata$_ZN6System8Internal7Initcpp14initializationEv 000000014002a0d0     rtl:System.Internal.InitCPP.o
 000b:00000630       $R000000                   0000000140030630     internal .obj file created from .res files
 000b:00000808       $R000001                   0000000140030808     internal .obj file created from .res files
 000b:00000a18       $R000002                   0000000140030a18     internal .obj file created from .res files
 000b:00002040       $R000003                   0000000140032040     internal .obj file created from .res files
 000b:00002ee8       $R000004                   0000000140032ee8     internal .obj file created from .res files
 000b:00003790       $R000005                   0000000140033790     internal .obj file created from .res files
 000b:00003cf8       $R000006                   0000000140033cf8     internal .obj file created from .res files
 000b:0000a1b8       $R000007                   000000014003a1b8     internal .obj file created from .res files
 000b:0001a9e0       $R000008                   000000014004a9e0     internal .obj file created from .res files
 000b:0001ec08       $R000009                   000000014004ec08     internal .obj file created from .res files
 000b:0001f590       $R00000A                   000000014004f590     internal .obj file created from .res files
 000b:0001f9f8       $R00000B                   000000014004f9f8     internal .obj file created from .res files
 000b:0001fa80       $R00000C                   000000014004fa80     internal .obj file created from .res files
 000b:00020190       $R00000D                   0000000140050190     internal .obj file created from .res files
 000b:00020198       $R00000E                   0000000140050198     internal .obj file created from .res files
 000b:0004e8d0       $R00000F                   000000014007e8d0     internal .obj file created from .res files
 000b:00081c40       $R000010                   00000001400b1c40     internal .obj file created from .res files
 000b:000a7bc0       $R000011                   00000001400d7bc0     internal .obj file created from .res files
 000b:000cd778       $R000012                   00000001400fd778     internal .obj file created from .res files
 000b:000f33e8       $R000013                   00000001401233e8     internal .obj file created from .res files
 000b:00111b80       $R000014                   0000000140141b80     internal .obj file created from .res files
 000b:00130448       $R000015                   0000000140160448     internal .obj file created from .res files
 000b:0014ed20       $R000016                   000000014017ed20     internal .obj file created from .res files
